Microchip MPLAB XC8 Compiler V2.50

Linker command line:

-W-3 \
  --edf=C:\Program Files\Microchip\xc8\v2.50\pic\dat\20240725155939_en.msgs \
  -cn -h+dist/default/production\WIRE_CUTTER.X.production.sym \
  --cmf=dist/default/production\WIRE_CUTTER.X.production.cmf -z -Q16F877A \
  -oC:\Users\aakas\AppData\Local\Temp\xcAsa78.\driver_tmp_3.o \
  --defsym=__MPLAB_BUILD=1 --fixupoverflow=error \
  -Mdist/default/production/WIRE_CUTTER.X.production.map \
  --md=C:\Users\aakas\AppData\Local\Temp\xcAsa78.\driver_tmp_0.dat -E1 \
  -ver=XC8 Compiler --acfsm=1493 -ACODE=00h-07FFhx4 -ASTRCODE=00h-01FFFh \
  -ASTRING=00h-0FFhx32 -ACONST=00h-0FFhx32 -AENTRY=00h-0FFhx32 \
  -ACOMMON=070h-07Fh -ABANK0=020h-06Fh -ABANK1=0A0h-0EFh \
  -ABANK2=0110h-016Fh -ABANK3=0190h-01EFh \
  -ARAM=020h-06Fh,0A0h-0EFh,0110h-016Fh,0190h-01EFh \
  -AABS1=020h-07Fh,0A0h-0EFh,0110h-016Fh,0190h-01EFh -ASFR0=00h-01Fh \
  -ASFR1=080h-09Fh -ASFR2=0100h-010Fh -ASFR3=0180h-018Fh \
  -ACONFIG=02007h-02007h -DCONFIG=2 -AIDLOC=02000h-02003h -DIDLOC=2 \
  -AEEDATA=00h-0FFh/02100h -peeprom_data=EEDATA -DEEDATA=2 -DCODE=2 \
  -DSTRCODE=2 -DSTRING=2 -DCONST=2 -DENTRY=2 \
  -preset_vec=00h,intentry,sivt,init,end_init -ppowerup=CODE -pcinit=CODE \
  -pfunctab=ENTRY -k \
  C:\Users\aakas\AppData\Local\Temp\xcAsa78.\driver_tmp_12.o \
  dist/default/production\WIRE_CUTTER.X.production.o 

Object code version is 3.11

Machine type is 16F877A



                Name                               Link     Load   Length Selector   Space Scale
C:\Users\aakas\AppData\Local\Temp\xcAsa78.\driver_tmp_12.o
                end_init                              0        0        3        0       0
                config                             2007     2007        1        0       4
dist/default/production\WIRE_CUTTER.X.production.o
                cinit                               7D3      7D3       2D      FA6       0
                config                             2007     2007        1        0       4
                text2                               5DE      5DE       23      BBC       0
                text1                               601      601       2A      C02       0
                maintext                            685      685      14E      D0A       0
                cstackBANK0                          20       20       4F       20       1
                cstackCOMMON                         70       70        C       70       1
                cstackBANK1                          A0       A0       3C       A0       1
                inittext                            5AD      5AD       13      B5A       0
                dataBANK2                           110      110       1E      110       1
                dataBANK3                           190      190       5A      190       1
                dataBANK1                            DC       DC        F       A0       1
                idataBANK3                          62B      62B       5A      C56       0
                idataBANK2                          5C0      5C0       1E      B80       0
                idataBANK1                          59E      59E        F      B3C       0

TOTAL           Name                               Link     Load   Length     Space
        CLASS   CODE           
                end_init                              0        0        3         0
                cinit                               7D3      7D3       2D         0
                text2                               5DE      5DE       23         0
                text1                               601      601       2A         0
                maintext                            685      685      14E         0
                inittext                            5AD      5AD       13         0
                idataBANK3                          62B      62B       5A         0
                idataBANK2                          5C0      5C0       1E         0
                idataBANK1                          59E      59E        F         0

        CLASS   STRCODE        

        CLASS   STRING         

        CLASS   CONST          

        CLASS   ENTRY          

        CLASS   COMMON         
                cstackCOMMON                         70       70        C         1

        CLASS   BANK0          
                cstackBANK0                          20       20       4F         1

        CLASS   BANK1          
                cstackBANK1                          A0       A0       3C         1
                dataBANK1                            DC       DC        F         1

        CLASS   BANK2          
                dataBANK2                           110      110       1E         1

        CLASS   BANK3          
                dataBANK3                           190      190       5A         1

        CLASS   RAM            

        CLASS   ABS1           
                abs_s1                               7E       7E        2         1

        CLASS   SFR0           

        CLASS   SFR1           

        CLASS   SFR2           

        CLASS   SFR3           

        CLASS   CONFIG         
                config                             2007     2007        1         4

        CLASS   IDLOC          

        CLASS   EEDATA         

        CLASS   HEAP           

        CLASS   STACK          



SEGMENTS        Name                           Load    Length   Top    Selector   Space  Class     Delta

                reset_vec                      000000  000003  000003         0       0  CODE        2
                cstackBANK0                    000020  00004F  00006F        20       1  BANK0       1
                cstackCOMMON                   000070  00000C  00007C        70       1  COMMON      1
                cstackBANK1                    0000A0  00004B  0000EB        A0       1  BANK1       1
                dataBANK2                      000110  00001E  00012E       110       1  BANK2       1
                dataBANK3                      000190  00005A  0001EA       190       1  BANK3       1
                idataBANK1                     00059E  00000F  0005AD       B3C       0  CODE        2
                inittext                       0005AD  000013  0005C0       B5A       0  CODE        2
                idataBANK2                     0005C0  00001E  0005DE       B80       0  CODE        2
                text2                          0005DE  000023  000601       BBC       0  CODE        2
                text1                          000601  00002A  00062B       C02       0  CODE        2
                idataBANK3                     00062B  00005A  000685       C56       0  CODE        2
                maintext                       000685  00014E  0007D3       D0A       0  CODE        2
                cinit                          0007D3  00002D  000800       FA6       0  CODE        2


UNUSED ADDRESS RANGES

        Name                Unused          Largest block    Delta
        BANK0            006F-006F              1           1
        BANK1            00EB-00EF              5           1
        BANK2            012E-016F             42           1
        BANK3            01EA-01EF              6           1
        CODE             0003-059D            59B           2
                         0800-1FFF            800
        COMMON           007C-007D              2           1
        CONST            0003-059D            100           2
                         0800-1FFF            100
        EEDATA           2100-21FF            100           2
        ENTRY            0003-059D            100           2
                         0800-1FFF            100
        IDLOC            2000-2003              4           2
        RAM              006F-006F              1           1
                         00EB-00EF              5
                         012E-016F             42
                         01EA-01EF              6
        SFR0             0000-001F             20           1
        SFR1             0080-009F             20           1
        SFR2             0100-010F             10           1
        SFR3             0180-018F             10           1
        STRCODE          0003-059D            59B           2
                         0800-1FFF           1800
        STRING           0003-059D            100           2
                         0800-1FFF            100

                                  Symbol Table

_OPTION_REG              (abs)        0081
_PORTB                   (abs)        0006
_PORTC                   (abs)        0007
_PORTD                   (abs)        0008
_RB0                     (abs)        0030
_RB3                     (abs)        0033
_RB4                     (abs)        0034
_RB5                     (abs)        0035
_RC0                     (abs)        0038
_RC1                     (abs)        0039
_RC2                     (abs)        003A
_RC3                     (abs)        003B
_RC4                     (abs)        003C
_RC5                     (abs)        003D
_RC6                     (abs)        003E
_TRISB                   (abs)        0086
_TRISC                   (abs)        0087
_TRISD                   (abs)        0088
__H__absolute__          __absolute__ 0000
__Habs1                  abs1         0000
__Hbank0                 bank0        0000
__Hbank1                 bank1        0000
__Hbank2                 bank2        0000
__Hbank3                 bank3        0000
__Hcinit                 cinit        0800
__Hclrtext               clrtext      0000
__Hcode                  code         0000
__Hcommon                common       0000
__Hconfig                config       2008
__HcstackBANK0           cstackBANK0  0000
__HcstackBANK1           cstackBANK1  0000
__HcstackCOMMON          cstackCOMMON 0000
__HdataBANK1             dataBANK1    0000
__HdataBANK2             dataBANK2    0000
__HdataBANK3             dataBANK3    0000
__Heeprom_data           eeprom_data  0000
__Hend_init              end_init     0003
__Hfunctab               functab      0000
__Hheap                  heap         0000
__HidataBANK1            idataBANK1   0000
__HidataBANK2            idataBANK2   0000
__HidataBANK3            idataBANK3   0000
__Hinit                  init         0000
__Hinittext              inittext     0000
__Hintentry              intentry     0000
__Hmaintext              maintext     0000
__Hpowerup               powerup      0000
__Hram                   ram          0000
__Hreset_vec             reset_vec    0000
__Hsfr0                  sfr0         0000
__Hsfr1                  sfr1         0000
__Hsfr2                  sfr2         0000
__Hsfr3                  sfr3         0000
__Hsivt                  sivt         0000
__Hspace_0               (abs)        0800
__Hspace_1               (abs)        01EA
__Hspace_2               (abs)        0000
__Hspace_3               (abs)        0000
__Hspace_4               (abs)        400F
__Hstack                 stack        0000
__Hstrings               strings      0000
__Htext                  text         0000
__L__absolute__          __absolute__ 0000
__Labs1                  abs1         0000
__Lbank0                 bank0        0000
__Lbank1                 bank1        0000
__Lbank2                 bank2        0000
__Lbank3                 bank3        0000
__Lcinit                 cinit        07D3
__Lclrtext               clrtext      0000
__Lcode                  code         0000
__Lcommon                common       0000
__Lconfig                config       0000
__LcstackBANK0           cstackBANK0  0000
__LcstackBANK1           cstackBANK1  0000
__LcstackCOMMON          cstackCOMMON 0000
__LdataBANK1             dataBANK1    0000
__LdataBANK2             dataBANK2    0000
__LdataBANK3             dataBANK3    0000
__Leeprom_data           eeprom_data  0000
__Lend_init              end_init     0000
__Lfunctab               functab      0000
__Lheap                  heap         0000
__LidataBANK1            idataBANK1   0000
__LidataBANK2            idataBANK2   0000
__LidataBANK3            idataBANK3   0000
__Linit                  init         0000
__Linittext              inittext     0000
__Lintentry              intentry     0000
__Lmaintext              maintext     0000
__Lpowerup               powerup      0000
__Lram                   ram          0000
__Lreset_vec             reset_vec    0000
__Lsfr0                  sfr0         0000
__Lsfr1                  sfr1         0000
__Lsfr2                  sfr2         0000
__Lsfr3                  sfr3         0000
__Lsivt                  sivt         0000
__Lspace_0               (abs)        0000
__Lspace_1               (abs)        0000
__Lspace_2               (abs)        0000
__Lspace_3               (abs)        0000
__Lspace_4               (abs)        0000
__Lstack                 stack        0000
__Lstrings               strings      0000
__Ltext                  text         0000
__S0                     (abs)        0800
__S1                     (abs)        01EA
__S3                     (abs)        0000
___heap_hi               (abs)        0000
___heap_lo               (abs)        0000
___int_sp                stack        0000
___int_stack_hi          stack        0000
___int_stack_lo          stack        0000
___latbits               (abs)        0002
___sp                    stack        0000
___stack_hi              stack        0000
___stack_lo              stack        0000
___stackhi               (abs)        0000
___stacklo               (abs)        0000
__end_of__initialization cinit        07FC
__end_of_display         text2        0601
__end_of_display_string  text1        062B
__end_of_main            maintext     07D3
__initialization         cinit        07D3
__pcstackBANK0           cstackBANK0  0020
__pcstackBANK1           cstackBANK1  00A0
__pcstackCOMMON          cstackCOMMON 0070
__pdataBANK1             dataBANK1    00DC
__pdataBANK2             dataBANK2    0110
__pdataBANK3             dataBANK3    0190
__pidataBANK1            idataBANK1   059E
__pidataBANK2            idataBANK2   05C0
__pidataBANK3            idataBANK3   062B
__pmaintext              maintext     0685
__ptext1                 text1        0601
__ptext2                 text2        05DE
_display                 text2        05DE
_display_string          text1        0601
_main                    maintext     0685
btemp                    (abs)        007E
display@DC               cstackCOMMON 0072
display@RS               cstackCOMMON 0070
display_string@i         cstackCOMMON 007A
display_string@s         cstackCOMMON 0076
end_of_initialization    cinit        07FC
init_fetch0              inittext     05AD
init_ram0                inittext     05B1
intlevel0                functab      0000
intlevel1                functab      0000
intlevel2                functab      0000
intlevel3                functab      0000
intlevel4                functab      0000
intlevel5                functab      0000
main@F1333               dataBANK1    00DC
main@F1335               dataBANK3    01DB
main@F1337               dataBANK3    01CC
main@F1339               dataBANK3    01BD
main@F1341               dataBANK3    01AE
main@F1343               dataBANK3    019F
main@F1345               dataBANK3    0190
main@F1347               dataBANK2    011F
main@F1349               dataBANK2    0110
main@a                   cstackBANK1  00CD
main@b                   cstackBANK0  0024
main@c                   cstackBANK0  0033
main@d                   cstackBANK0  0042
main@e                   cstackBANK0  0051
main@f                   cstackBANK0  0060
main@g                   cstackBANK1  00A0
main@h                   cstackBANK1  00AF
main@i                   cstackBANK1  00BE
reset_vec                reset_vec    0000
start                    init         0000
start_initialization     cinit        07D3
wtemp0                   (abs)        007E


MODULE INFORMATION

Module		Function		Class		Link	Load	Size
newmain.c
		_display       		CODE           	05DE	0000	35
		_main          		CODE           	0685	0000	334
		_display_string		CODE           	0601	0000	42

newmain.c estimated size: 411

shared
		__initialization		CODE           	07D3	0000	41

shared estimated size: 41

