Microchip MPLAB XC8 Compiler V2.50

Linker command line:

-W-3 \
  --edf=C:\Program Files\Microchip\xc8\v2.50\pic\dat\20240725155939_en.msgs \
  -cn \
  -h+.ca/dist/defaultActiveCA/production\MULTI_ADC_INTERRUPTS.X.production.sym \
  --cmf=.ca/dist/defaultActiveCA/production\MULTI_ADC_INTERRUPTS.X.production.cmf \
  -z -Q16F877A -oC:\Users\aakas\AppData\Local\Temp\xcAs1l4.\driver_tmp_3.o \
  --defsym=__MPLAB_BUILD=1 --fixupoverflow=error \
  -M.ca/dist/defaultActiveCA/production/MULTI_ADC_INTERRUPTS.X.production.map \
  --md=C:\Users\aakas\AppData\Local\Temp\xcAs1l4.\driver_tmp_0.dat -E1 \
  -ver=XC8 Compiler --acfsm=1493 -ACODE=00h-07FFhx4 -ASTRCODE=00h-01FFFh \
  -ASTRING=00h-0FFhx32 -ACONST=00h-0FFhx32 -AENTRY=00h-0FFhx32 \
  -ACOMMON=070h-07Fh -ABANK0=020h-06Fh -ABANK1=0A0h-0EFh \
  -ABANK2=0110h-016Fh -ABANK3=0190h-01EFh \
  -ARAM=020h-06Fh,0A0h-0EFh,0110h-016Fh,0190h-01EFh \
  -AABS1=020h-07Fh,0A0h-0EFh,0110h-016Fh,0190h-01EFh -ASFR0=00h-01Fh \
  -ASFR1=080h-09Fh -ASFR2=0100h-010Fh -ASFR3=0180h-018Fh \
  -ACONFIG=02007h-02007h -DCONFIG=2 -AIDLOC=02000h-02003h -DIDLOC=2 \
  -AEEDATA=00h-0FFh/02100h -peeprom_data=EEDATA -DEEDATA=2 -DCODE=2 \
  -DSTRCODE=2 -DSTRING=2 -DCONST=2 -DENTRY=2 \
  -preset_vec=00h,intentry=04h,sivt,init,end_init -ppowerup=CODE \
  -pcinit=CODE -pfunctab=ENTRY -k \
  C:\Users\aakas\AppData\Local\Temp\xcAs1l4.\driver_tmp_17.o \
  .ca/dist/defaultActiveCA/production\MULTI_ADC_INTERRUPTS.X.production.o 

Object code version is 3.11

Machine type is 16F877A



                Name                               Link     Load   Length Selector   Space Scale
C:\Users\aakas\AppData\Local\Temp\xcAs1l4.\driver_tmp_17.o
                end_init                             12       12        3        8       0
                reset_vec                             0        0        3        0       0
                config                             2007     2007        1        0       4
.ca/dist/defaultActiveCA/production\MULTI_ADC_INTERRUPTS.X.production.o
                cinit                                15       15       1A        8       0
                intentry                              4        4        E        8       0
                config                             2007     2007        1        0       4
                text43                             1B50     1B50       23     36A0       0
                text42                              7FF      7FF        1        8       0
                text41                             12E3     12E3       9A     25C6       0
                text40                             1256     1256       8D     24AC       0
                text39                             1ED2     1ED2       63     3DA4       0
                text38                             1E22     1E22       57     3C44       0
                text37                             1B02     1B02       11     3604       0
                text36                             1BBF     1BBF       2B     377E       0
                text35                             1B26     1B26       14     364C       0
                text34                             1077     1077       6A     20EE       0
                text33                             16EC     16EC      114     2DD8       0
                text32                             1500     1500       DC     2A00       0
                text31                             1B73     1B73       25     36E6       0
                text30                             10E1     10E1       7A     21C2       0
                text29                             1D57     1D57       42     3AAE       0
                text28                             1CAA     1CAA       38     3954       0
                text27                             137D     137D       B6     26FA       0
                text26                             15DC     15DC      110     2BB8       0
                text25                              B10      B10      4F0     1620       0
                text24                             1D1C     1D1C       3B     3A38       0
                text23                             1C74     1C74       36     38E8       0
                text22                             100F     100F       68     201E       0
                text21                             1C15     1C15       2D     382A       0
                text20                              7FE      7FE        1        8       0
                text19                              80E      80E       A0     101C       0
                text18                             115B     115B       7B     22B6       0
                text17                             1F35     1F35       65     3E6A       0
                text16                             1E79     1E79       59     3CF2       0
                text15                             1B13     1B13       13     3626       0
                text14                             1BEA     1BEA       2B     37D4       0
                text13                             1B3A     1B3A       16     3674       0
                text12                             1F9A     1F9A       66     3F34       0
                text11                              8AE      8AE      131     115C       0
                text10                              705      705       F1        8       0
                text9                              1B98     1B98       27     3730       0
                text8                              11D6     11D6       80     23AC       0
                text7                              1D99     1D99       44     3B32       0
                text6                              1CE2     1CE2       3A     39C4       0
                text5                              1433     1433       CD     2866       0
                text4                               9DF      9DF      131     13BE       0
                text3                                2F       2F      571        8       0
                text2                              1DDD     1DDD       45     3BBA       0
                text1                              1C42     1C42       32     3884       0
                maintext                            5A0      5A0      165        8       0
                cstackBANK0                          20       20       4E       20       1
                cstackCOMMON                         70       70        E       70       1
                cstackBANK1                          A0       A0       37       A0       1
                cstackBANK3                         190      190       57      190       1
                clrtext                             7F6      7F6        8        8       0
                bssBANK2                            110      110       20      110       1
                bssBANK3                            1E7      1E7        2      190       1
                bssBANK1                             D7       D7        7       A0       1
                strings                            1800     1800       15     3000       0

TOTAL           Name                               Link     Load   Length     Space
        CLASS   CODE           
                end_init                             12       12        3         0
                cinit                                15       15       1A         0
                intentry                              4        4        E         0
                reset_vec                             0        0        3         0
                text43                             1B50     1B50       23         0
                text42                              7FF      7FF        1         0
                text41                             12E3     12E3       9A         0
                text40                             1256     1256       8D         0
                text39                             1ED2     1ED2       63         0
                text38                             1E22     1E22       57         0
                text37                             1B02     1B02       11         0
                text36                             1BBF     1BBF       2B         0
                text35                             1B26     1B26       14         0
                text34                             1077     1077       6A         0
                text33                             16EC     16EC      114         0
                text32                             1500     1500       DC         0
                text31                             1B73     1B73       25         0
                text30                             10E1     10E1       7A         0
                text29                             1D57     1D57       42         0
                text28                             1CAA     1CAA       38         0
                text27                             137D     137D       B6         0
                text26                             15DC     15DC      110         0
                text25                              B10      B10      4F0         0
                text24                             1D1C     1D1C       3B         0
                text23                             1C74     1C74       36         0
                text22                             100F     100F       68         0
                text21                             1C15     1C15       2D         0
                text20                              7FE      7FE        1         0
                text19                              80E      80E       A0         0
                text18                             115B     115B       7B         0
                text17                             1F35     1F35       65         0
                text16                             1E79     1E79       59         0
                text15                             1B13     1B13       13         0
                text14                             1BEA     1BEA       2B         0
                text13                             1B3A     1B3A       16         0
                text12                             1F9A     1F9A       66         0
                text11                              8AE      8AE      131         0
                text10                              705      705       F1         0
                text9                              1B98     1B98       27         0
                text8                              11D6     11D6       80         0
                text7                              1D99     1D99       44         0
                text6                              1CE2     1CE2       3A         0
                text5                              1433     1433       CD         0
                text4                               9DF      9DF      131         0
                text3                                2F       2F      571         0
                text2                              1DDD     1DDD       45         0
                text1                              1C42     1C42       32         0
                maintext                            5A0      5A0      165         0
                clrtext                             7F6      7F6        8         0

        CLASS   STRCODE        

        CLASS   STRING         
                strings                            1800     1800       15         0

        CLASS   CONST          

        CLASS   ENTRY          

        CLASS   COMMON         
                cstackCOMMON                         70       70        E         1

        CLASS   BANK0          
                cstackBANK0                          20       20       4E         1

        CLASS   BANK1          
                cstackBANK1                          A0       A0       37         1
                bssBANK1                             D7       D7        7         1

        CLASS   BANK2          
                bssBANK2                            110      110       20         1

        CLASS   BANK3          
                cstackBANK3                         190      190       57         1
                bssBANK3                            1E7      1E7        2         1

        CLASS   RAM            

        CLASS   ABS1           
                abs_s1                               7E       7E        2         1

        CLASS   SFR0           

        CLASS   SFR1           

        CLASS   SFR2           

        CLASS   SFR3           

        CLASS   CONFIG         
                config                             2007     2007        1         4

        CLASS   IDLOC          

        CLASS   EEDATA         

        CLASS   HEAP           

        CLASS   STACK          



SEGMENTS        Name                           Load    Length   Top    Selector   Space  Class     Delta

                reset_vec                      000000  000003  000003         0       0  CODE        2
                intentry                       000004  0007FC  000800         8       0  CODE        2
                cstackBANK0                    000020  00004E  00006E        20       1  BANK0       1
                cstackCOMMON                   000070  00000E  00007E        70       1  COMMON      1
                cstackBANK1                    0000A0  00003E  0000DE        A0       1  BANK1       1
                bssBANK2                       000110  000020  000130       110       1  BANK2       1
                cstackBANK3                    000190  000059  0001E9       190       1  BANK3       1
                text19                         00080E  0000A0  0008AE      101C       0  CODE        2
                text11                         0008AE  000131  0009DF      115C       0  CODE        2
                text4                          0009DF  000131  000B10      13BE       0  CODE        2
                text25                         000B10  0004F0  001000      1620       0  CODE        2
                text22                         00100F  000068  001077      201E       0  CODE        2
                text34                         001077  00006A  0010E1      20EE       0  CODE        2
                text30                         0010E1  00007A  00115B      21C2       0  CODE        2
                text18                         00115B  00007B  0011D6      22B6       0  CODE        2
                text8                          0011D6  000080  001256      23AC       0  CODE        2
                text40                         001256  00008D  0012E3      24AC       0  CODE        2
                text41                         0012E3  00009A  00137D      25C6       0  CODE        2
                text27                         00137D  0000B6  001433      26FA       0  CODE        2
                text5                          001433  0000CD  001500      2866       0  CODE        2
                text32                         001500  0000DC  0015DC      2A00       0  CODE        2
                text26                         0015DC  000110  0016EC      2BB8       0  CODE        2
                text33                         0016EC  000114  001800      2DD8       0  CODE        2
                strings                        001800  000015  001815      3000       0  STRING      2
                text37                         001B02  000011  001B13      3604       0  CODE        2
                text15                         001B13  000013  001B26      3626       0  CODE        2
                text35                         001B26  000014  001B3A      364C       0  CODE        2
                text13                         001B3A  000016  001B50      3674       0  CODE        2
                text43                         001B50  000023  001B73      36A0       0  CODE        2
                text31                         001B73  000025  001B98      36E6       0  CODE        2
                text9                          001B98  000027  001BBF      3730       0  CODE        2
                text36                         001BBF  00002B  001BEA      377E       0  CODE        2
                text14                         001BEA  00002B  001C15      37D4       0  CODE        2
                text21                         001C15  00002D  001C42      382A       0  CODE        2
                text1                          001C42  000032  001C74      3884       0  CODE        2
                text23                         001C74  000036  001CAA      38E8       0  CODE        2
                text28                         001CAA  000038  001CE2      3954       0  CODE        2
                text6                          001CE2  00003A  001D1C      39C4       0  CODE        2
                text24                         001D1C  00003B  001D57      3A38       0  CODE        2
                text29                         001D57  000042  001D99      3AAE       0  CODE        2
                text7                          001D99  000044  001DDD      3B32       0  CODE        2
                text2                          001DDD  000045  001E22      3BBA       0  CODE        2
                text38                         001E22  000057  001E79      3C44       0  CODE        2
                text16                         001E79  000059  001ED2      3CF2       0  CODE        2
                text39                         001ED2  000063  001F35      3DA4       0  CODE        2
                text17                         001F35  000065  001F9A      3E6A       0  CODE        2
                text12                         001F9A  000066  002000      3F34       0  CODE        2


UNUSED ADDRESS RANGES

        Name                Unused          Largest block    Delta
        BANK0            006E-006F              2           1
        BANK1            00DE-00EF             12           1
        BANK2            0130-016F             40           1
        BANK3            01E9-01EF              7           1
        CODE             0003-0003              1           2
                         0800-080D              E
                         1000-100E              F
                         1815-1B01            2ED
        CONST            0003-0003              1           2
                         0800-080D              E
                         1000-100E              F
                         1815-1B01            100
        EEDATA           2100-21FF            100           2
        ENTRY            0003-0003              1           2
                         0800-080D              E
                         1000-100E              F
                         1815-1B01            100
        IDLOC            2000-2003              4           2
        RAM              006E-006F              2           1
                         00DE-00EF             12
                         0130-016F             40
                         01E9-01EF              7
        SFR0             0000-001F             20           1
        SFR1             0080-009F             20           1
        SFR2             0100-010F             10           1
        SFR3             0180-018F             10           1
        STRCODE          0003-0003              1           2
                         0800-080D              E
                         1000-100E              F
                         1815-1B01            2ED
        STRING           0003-0003              1           2
                         0800-080D              E
                         1000-100E              F
                         1815-1B01            100

                                  Symbol Table

?___awdiv                     cstackBANK1  00B2
?___awmod                     cstackBANK1  00B2
?___lwdiv                     cstackBANK1  00B2
?___lwmod                     cstackBANK1  00B2
?___wmul                      cstackBANK1  00B2
?_abs                         cstackBANK1  00B8
?_ctoa                        cstackBANK1  00BF
?_dtoa                        cstackBANK1  00CF
?_otoa                        cstackBANK1  00CF
?_pad                         cstackBANK1  00C7
?_read_prec_or_width          cstackBANK1  00B8
?_sprintf                     cstackBANK3  01B1
?_strlen                      cstackBANK1  00B2
?_utoa                        cstackBANK1  00CF
?_vfpfcnvrt                   cstackBANK3  019B
?_vfprintf                    cstackBANK3  01AC
?_xtoa                        cstackBANK1  00CF
?i1___awdiv                   cstackCOMMON 0070
?i1___awmod                   cstackCOMMON 0070
?i1___lwdiv                   cstackCOMMON 0070
?i1___lwmod                   cstackCOMMON 0070
?i1___wmul                    cstackCOMMON 0070
?i1_abs                       cstackCOMMON 0076
?i1_ctoa                      cstackBANK0  0020
?i1_dtoa                      cstackBANK0  002F
?i1_otoa                      cstackBANK0  002F
?i1_pad                       cstackBANK0  0028
?i1_read_prec_or_width        cstackCOMMON 0076
?i1_sprintf                   cstackBANK0  0058
?i1_strlen                    cstackCOMMON 0070
?i1_utoa                      cstackBANK0  002F
?i1_vfpfcnvrt                 cstackBANK0  003F
?i1_vfprintf                  cstackBANK0  0050
?i1_xtoa                      cstackBANK0  002F
ISR@c                         cstackBANK1  00A6
ISR@i                         cstackBANK1  00B0
_ADCON0                       (abs)        001F
_ADCON1                       (abs)        009F
_ADRESH                       (abs)        001E
_ADRESL                       (abs)        009E
_GIE                          (abs)        005F
_GO_nDONE                     (abs)        00FA
_INTE                         (abs)        005C
_INTF                         (abs)        0059
_ISR                          text22       100F
_OPTION_REG                   (abs)        0081
_PORTC                        (abs)        0007
_PORTD                        (abs)        0008
_RD0                          (abs)        0040
_RD1                          (abs)        0041
_TRISC                        (abs)        0087
_TRISD                        (abs)        0088
__H__absolute__               __absolute__ 0000
__Habs1                       abs1         0000
__Hbank0                      bank0        0000
__Hbank1                      bank1        0000
__Hbank2                      bank2        0000
__Hbank3                      bank3        0000
__HbssBANK1                   bssBANK1     0000
__HbssBANK2                   bssBANK2     0000
__HbssBANK3                   bssBANK3     0000
__Hcinit                      cinit        002F
__Hclrtext                    clrtext      0000
__Hcode                       code         0000
__Hcommon                     common       0000
__Hconfig                     config       2008
__HcstackBANK0                cstackBANK0  0000
__HcstackBANK1                cstackBANK1  0000
__HcstackBANK3                cstackBANK3  0000
__HcstackCOMMON               cstackCOMMON 0000
__Heeprom_data                eeprom_data  0000
__Hend_init                   end_init     0015
__Hfunctab                    functab      0000
__Hheap                       heap         0000
__Hinit                       init         0012
__Hintentry                   intentry     0012
__Hmaintext                   maintext     0000
__Hpowerup                    powerup      0000
__Hram                        ram          0000
__Hreset_vec                  reset_vec    0003
__Hsfr0                       sfr0         0000
__Hsfr1                       sfr1         0000
__Hsfr2                       sfr2         0000
__Hsfr3                       sfr3         0000
__Hsivt                       sivt         0012
__Hspace_0                    (abs)        2000
__Hspace_1                    (abs)        01E9
__Hspace_2                    (abs)        0000
__Hspace_3                    (abs)        0000
__Hspace_4                    (abs)        400F
__Hstack                      stack        0000
__Hstrings                    strings      0000
__Htext                       text         0000
__L__absolute__               __absolute__ 0000
__Labs1                       abs1         0000
__Lbank0                      bank0        0000
__Lbank1                      bank1        0000
__Lbank2                      bank2        0000
__Lbank3                      bank3        0000
__LbssBANK1                   bssBANK1     0000
__LbssBANK2                   bssBANK2     0000
__LbssBANK3                   bssBANK3     0000
__Lcinit                      cinit        0015
__Lclrtext                    clrtext      0000
__Lcode                       code         0000
__Lcommon                     common       0000
__Lconfig                     config       0000
__LcstackBANK0                cstackBANK0  0000
__LcstackBANK1                cstackBANK1  0000
__LcstackBANK3                cstackBANK3  0000
__LcstackCOMMON               cstackCOMMON 0000
__Leeprom_data                eeprom_data  0000
__Lend_init                   end_init     0012
__Lfunctab                    functab      0000
__Lheap                       heap         0000
__Linit                       init         0012
__Lintentry                   intentry     0004
__Lmaintext                   maintext     0000
__Lpowerup                    powerup      0000
__Lram                        ram          0000
__Lreset_vec                  reset_vec    0000
__Lsfr0                       sfr0         0000
__Lsfr1                       sfr1         0000
__Lsfr2                       sfr2         0000
__Lsfr3                       sfr3         0000
__Lsivt                       sivt         0012
__Lspace_0                    (abs)        0000
__Lspace_1                    (abs)        0000
__Lspace_2                    (abs)        0000
__Lspace_3                    (abs)        0000
__Lspace_4                    (abs)        0000
__Lstack                      stack        0000
__Lstrings                    strings      0000
__Ltext                       text         0000
__S0                          (abs)        2000
__S1                          (abs)        01E9
__S3                          (abs)        0000
___awdiv                      text17       1F35
___awdiv@counter              cstackBANK1  00B6
___awdiv@dividend             cstackBANK1  00B4
___awdiv@divisor              cstackBANK1  00B2
___awdiv@quotient             cstackBANK1  00B8
___awdiv@sign                 cstackBANK1  00B7
___awmod                      text16       1E79
___awmod@counter              cstackBANK1  00B6
___awmod@dividend             cstackBANK1  00B4
___awmod@divisor              cstackBANK1  00B2
___awmod@sign                 cstackBANK1  00B7
___heap_hi                    (abs)        0000
___heap_lo                    (abs)        0000
___int_sp                     stack        0000
___int_stack_hi               stack        0000
___int_stack_lo               stack        0000
___latbits                    (abs)        0002
___lwdiv                      text7        1D99
___lwdiv@counter              cstackBANK1  00B6
___lwdiv@dividend             cstackBANK1  00B4
___lwdiv@divisor              cstackBANK1  00B2
___lwdiv@quotient             cstackBANK1  00B7
___lwmod                      text6        1CE2
___lwmod@counter              cstackBANK1  00B6
___lwmod@dividend             cstackBANK1  00B4
___lwmod@divisor              cstackBANK1  00B2
___sp                         stack        0000
___stack_hi                   stack        0000
___stack_lo                   stack        0000
___stackhi                    (abs)        0000
___stacklo                    (abs)        0000
___wmul                       text9        1B98
___wmul@multiplicand          cstackBANK1  00B4
___wmul@multiplier            cstackBANK1  00B2
___wmul@product               cstackBANK1  00B6
__end_of_ISR                  text22       1077
__end_of___awdiv              text17       1F9A
__end_of___awmod              text16       1ED2
__end_of___lwdiv              text7        1DDD
__end_of___lwmod              text6        1D1C
__end_of___wmul               text9        1BBF
__end_of__initialization      cinit        002B
__end_of__stringtab           strings      1810
__end_of_abs                  text15       1B26
__end_of_ctoa                 text18       11D6
__end_of_display              text21       1C42
__end_of_dtoa                 text11       09DF
__end_of_fputc                text19       08AE
__end_of_fputs                text14       1C15
__end_of_main                 maintext     0705
__end_of_otoa                 text10       07F6
__end_of_pad                  text12       2000
__end_of_putch                text20       07FF
__end_of_read_prec_or_width   text8        1256
__end_of_sprintf              text1        1C74
__end_of_strlen               text13       1B50
__end_of_utoa                 text5        1500
__end_of_vfpfcnvrt            text3        05A0
__end_of_vfprintf             text2        1E22
__end_of_xtoa                 text4        0B10
__end_ofi1___awdiv            text39       1F35
__end_ofi1___awmod            text38       1E79
__end_ofi1___lwdiv            text29       1D99
__end_ofi1___lwmod            text28       1CE2
__end_ofi1___wmul             text31       1B98
__end_ofi1_abs                text37       1B13
__end_ofi1_ctoa               text40       12E3
__end_ofi1_display            text43       1B73
__end_ofi1_dtoa               text33       1800
__end_ofi1_fputc              text41       137D
__end_ofi1_fputs              text36       1BEA
__end_ofi1_otoa               text32       15DC
__end_ofi1_pad                text34       10E1
__end_ofi1_putch              text42       0800
__end_ofi1_read_prec_or_width text30       115B
__end_ofi1_sprintf            text23       1CAA
__end_ofi1_strlen             text35       1B3A
__end_ofi1_utoa               text27       1433
__end_ofi1_vfpfcnvrt          text25       1000
__end_ofi1_vfprintf           text24       1D57
__end_ofi1_xtoa               text26       16EC
__initialization              cinit        0015
__pbssBANK1                   bssBANK1     00D7
__pbssBANK2                   bssBANK2     0110
__pbssBANK3                   bssBANK3     01E7
__pcstackBANK0                cstackBANK0  0020
__pcstackBANK1                cstackBANK1  00A0
__pcstackBANK3                cstackBANK3  0190
__pcstackCOMMON               cstackCOMMON 0070
__pintentry                   intentry     0004
__pmaintext                   maintext     05A0
__pstrings                    strings      1800
__ptext1                      text1        1C42
__ptext10                     text10       0705
__ptext11                     text11       08AE
__ptext12                     text12       1F9A
__ptext13                     text13       1B3A
__ptext14                     text14       1BEA
__ptext15                     text15       1B13
__ptext16                     text16       1E79
__ptext17                     text17       1F35
__ptext18                     text18       115B
__ptext19                     text19       080E
__ptext2                      text2        1DDD
__ptext20                     text20       07FE
__ptext21                     text21       1C15
__ptext22                     text22       100F
__ptext23                     text23       1C74
__ptext24                     text24       1D1C
__ptext25                     text25       0B10
__ptext26                     text26       15DC
__ptext27                     text27       137D
__ptext28                     text28       1CAA
__ptext29                     text29       1D57
__ptext3                      text3        002F
__ptext30                     text30       10E1
__ptext31                     text31       1B73
__ptext32                     text32       1500
__ptext33                     text33       16EC
__ptext34                     text34       1077
__ptext35                     text35       1B26
__ptext36                     text36       1BBF
__ptext37                     text37       1B02
__ptext38                     text38       1E22
__ptext39                     text39       1ED2
__ptext4                      text4        09DF
__ptext40                     text40       1256
__ptext41                     text41       12E3
__ptext42                     text42       07FF
__ptext43                     text43       1B50
__ptext5                      text5        1433
__ptext6                      text6        1CE2
__ptext7                      text7        1D99
__ptext8                      text8        11D6
__ptext9                      text9        1B98
__stringbase                  strings      180F
__stringtab                   strings      1800
_abs                          text15       1B13
_count                        bssBANK1     00DB
_ctoa                         text18       115B
_dbuf                         bssBANK2     0110
_display                      text21       1C15
_dtoa                         text11       08AE
_dtoa$616                     cstackBANK3  0190
_flags                        bssBANK1     00DD
_fputc                        text19       080E
_fputs                        text14       1BEA
_main                         maintext     05A0
_nout                         bssBANK3     01E7
_otoa                         text10       0705
_pad                          text12       1F9A
_prec                         bssBANK1     00D9
_putch                        text20       07FE
_read_prec_or_width           text8        11D6
_sprintf                      text1        1C42
_strlen                       text13       1B3A
_utoa                         text5        1433
_vfpfcnvrt                    text3        002F
_vfprintf                     text2        1DDD
_width                        bssBANK1     00D7
_xtoa                         text4        09DF
_xtoa$641                     cstackBANK3  0191
abs@a                         cstackBANK1  00B8
btemp                         (abs)        007E
clear_ram0                    clrtext      07F6
ctoa@c                        cstackBANK1  00C1
ctoa@fp                       cstackBANK1  00BF
ctoa@l                        cstackBANK1  00C4
ctoa@w                        cstackBANK1  00C6
display@DC                    cstackBANK1  00B4
display@RS                    cstackBANK1  00B2
dtoa@d                        cstackBANK1  00D1
dtoa@fp                       cstackBANK1  00CF
dtoa@i                        cstackBANK3  0197
dtoa@p                        cstackBANK3  0192
dtoa@s                        cstackBANK3  0196
dtoa@w                        cstackBANK3  0194
end_of_initialization         cinit        002B
fputc@c                       cstackBANK1  00B2
fputc@fp                      cstackBANK1  00B4
fputs@c                       cstackBANK1  00C4
fputs@fp                      cstackBANK1  00C0
fputs@i                       cstackBANK1  00C5
fputs@s                       cstackBANK1  00BF
i1___awdiv                    text39       1ED2
i1___awdiv@counter            cstackCOMMON 0074
i1___awdiv@dividend           cstackCOMMON 0072
i1___awdiv@divisor            cstackCOMMON 0070
i1___awdiv@quotient           cstackCOMMON 0076
i1___awdiv@sign               cstackCOMMON 0075
i1___awmod                    text38       1E22
i1___awmod@counter            cstackCOMMON 0074
i1___awmod@dividend           cstackCOMMON 0072
i1___awmod@divisor            cstackCOMMON 0070
i1___awmod@sign               cstackCOMMON 0075
i1___lwdiv                    text29       1D57
i1___lwdiv@counter            cstackCOMMON 0076
i1___lwdiv@dividend           cstackCOMMON 0072
i1___lwdiv@divisor            cstackCOMMON 0070
i1___lwdiv@quotient           cstackCOMMON 0074
i1___lwmod                    text28       1CAA
i1___lwmod@counter            cstackCOMMON 0074
i1___lwmod@dividend           cstackCOMMON 0072
i1___lwmod@divisor            cstackCOMMON 0070
i1___wmul                     text31       1B73
i1___wmul@multiplicand        cstackCOMMON 0072
i1___wmul@multiplier          cstackCOMMON 0070
i1___wmul@product             cstackCOMMON 0074
i1_abs                        text37       1B02
i1_ctoa                       text40       1256
i1_display                    text43       1B50
i1_dtoa                       text33       16EC
i1_dtoa$616                   cstackBANK0  0033
i1_fputc                      text41       12E3
i1_fputs                      text36       1BBF
i1_otoa                       text32       1500
i1_pad                        text34       1077
i1_putch                      text42       07FF
i1_read_prec_or_width         text30       10E1
i1_sprintf                    text23       1C74
i1_strlen                     text35       1B26
i1_utoa                       text27       137D
i1_vfpfcnvrt                  text25       0B10
i1_vfprintf                   text24       1D1C
i1_xtoa                       text26       15DC
i1_xtoa$641                   cstackBANK0  0034
i1abs@a                       cstackCOMMON 0076
i1ctoa@c                      cstackBANK0  0022
i1ctoa@fp                     cstackBANK0  0020
i1ctoa@l                      cstackBANK0  0025
i1ctoa@w                      cstackBANK0  0027
i1display@DC                  cstackCOMMON 0072
i1display@RS                  cstackCOMMON 0070
i1dtoa@d                      cstackBANK0  0031
i1dtoa@fp                     cstackBANK0  002F
i1dtoa@i                      cstackBANK0  003A
i1dtoa@p                      cstackBANK0  0035
i1dtoa@s                      cstackBANK0  0039
i1dtoa@w                      cstackBANK0  0037
i1fputc@c                     cstackCOMMON 0070
i1fputc@fp                    cstackCOMMON 0072
i1fputs@c                     cstackBANK0  0025
i1fputs@fp                    cstackBANK0  0021
i1fputs@i                     cstackBANK0  0026
i1fputs@s                     cstackBANK0  0020
i1otoa@d                      cstackBANK0  0031
i1otoa@fp                     cstackBANK0  002F
i1otoa@i                      cstackBANK0  003A
i1otoa@p                      cstackBANK0  0035
i1otoa@t                      cstackBANK0  0039
i1otoa@w                      cstackBANK0  0037
i1pad@buf                     cstackBANK0  002A
i1pad@fp                      cstackBANK0  0028
i1pad@i                       cstackBANK0  002D
i1pad@p                       cstackBANK0  002B
i1read_prec_or_width@ap       cstackCOMMON 0077
i1read_prec_or_width@c        cstackCOMMON 007B
i1read_prec_or_width@fmt      cstackCOMMON 0076
i1read_prec_or_width@n        cstackCOMMON 007C
i1sprintf@ap                  cstackBANK0  006C
i1sprintf@f                   cstackBANK0  0061
i1sprintf@fmt                 cstackBANK0  005A
i1sprintf@s                   cstackBANK0  0058
i1strlen@a                    cstackCOMMON 0072
i1strlen@s                    cstackCOMMON 0070
i1utoa@d                      cstackBANK0  0031
i1utoa@fp                     cstackBANK0  002F
i1utoa@i                      cstackBANK0  0037
i1utoa@p                      cstackBANK0  0033
i1utoa@w                      cstackBANK0  0035
i1vfpfcnvrt@ap                cstackBANK0  0042
i1vfpfcnvrt@c                 cstackBANK0  004D
i1vfpfcnvrt@convarg           cstackBANK0  0049
i1vfpfcnvrt@cp                cstackBANK0  004E
i1vfpfcnvrt@done              cstackBANK0  0048
i1vfpfcnvrt@fmt               cstackBANK0  0041
i1vfpfcnvrt@fp                cstackBANK0  003F
i1vfprintf@ap                 cstackBANK0  0054
i1vfprintf@cfmt               cstackBANK0  0056
i1vfprintf@fmt                cstackBANK0  0052
i1vfprintf@fp                 cstackBANK0  0050
i1xtoa@a                      cstackBANK0  0036
i1xtoa@c                      cstackBANK0  003C
i1xtoa@d                      cstackBANK0  0031
i1xtoa@d_nonzero              cstackBANK0  003B
i1xtoa@fp                     cstackBANK0  002F
i1xtoa@i                      cstackBANK0  003D
i1xtoa@p                      cstackBANK0  0037
i1xtoa@w                      cstackBANK0  0039
i1xtoa@x                      cstackBANK0  0033
interrupt_function            intentry     0004
intlevel0                     functab      0000
intlevel1                     functab      0000
intlevel2                     functab      0000
intlevel3                     functab      0000
intlevel4                     functab      0000
intlevel5                     functab      0000
main@Low_bits                 cstackBANK3  01DD
main@a                        cstackBANK3  01C9
main@b                        cstackBANK3  01D3
main@bits                     cstackBANK3  01E1
main@high_bits                cstackBANK3  01DF
main@i                        cstackBANK3  01E3
main@i_70                     cstackBANK3  01E5
otoa@d                        cstackBANK1  00D1
otoa@fp                       cstackBANK1  00CF
otoa@i                        cstackBANK3  0195
otoa@p                        cstackBANK3  0190
otoa@t                        cstackBANK3  0194
otoa@w                        cstackBANK3  0192
pad@buf                       cstackBANK1  00C9
pad@fp                        cstackBANK1  00C7
pad@i                         cstackBANK1  00CD
pad@p                         cstackBANK1  00CA
read_prec_or_width@ap         cstackBANK1  00B9
read_prec_or_width@c          cstackBANK1  00BC
read_prec_or_width@fmt        cstackBANK1  00B8
read_prec_or_width@n          cstackBANK1  00BD
reset_vec                     reset_vec    0000
saved_w                       (abs)        007E
sprintf@ap                    cstackBANK3  01C5
sprintf@f                     cstackBANK3  01BA
sprintf@fmt                   cstackBANK3  01B3
sprintf@s                     cstackBANK3  01B1
start                         init         0012
start_initialization          cinit        0015
strlen@a                      cstackBANK1  00B4
strlen@s                      cstackBANK1  00B2
utoa@d                        cstackBANK1  00D1
utoa@fp                       cstackBANK1  00CF
utoa@i                        cstackBANK3  0194
utoa@p                        cstackBANK3  0190
utoa@w                        cstackBANK3  0192
vfpfcnvrt@ap                  cstackBANK3  019E
vfpfcnvrt@c                   cstackBANK3  01A5
vfpfcnvrt@convarg             cstackBANK3  01A6
vfpfcnvrt@cp                  cstackBANK3  01AA
vfpfcnvrt@done                cstackBANK3  01A4
vfpfcnvrt@fmt                 cstackBANK3  019D
vfpfcnvrt@fp                  cstackBANK3  019B
vfprintf@ap                   cstackBANK3  01B0
vfprintf@cfmt                 cstackBANK1  00D5
vfprintf@fmt                  cstackBANK3  01AE
vfprintf@fp                   cstackBANK3  01AC
wtemp0                        (abs)        007E
xtoa@a                        cstackBANK3  0190
xtoa@c                        cstackBANK3  0198
xtoa@d                        cstackBANK1  00D1
xtoa@d_nonzero                cstackBANK3  0195
xtoa@fp                       cstackBANK1  00CF
xtoa@i                        cstackBANK3  0199
xtoa@p                        cstackBANK3  0193
xtoa@w                        cstackBANK3  0196
xtoa@x                        cstackBANK1  00D3


MODULE INFORMATION

Module		Function		Class		Link	Load	Size
C:\Program Files\Microchip\xc8\v2.50\pic\sources\c99\common\Umul16.c
		___wmul        		CODE           	1B98	0000	39

C:\Program Files\Microchip\xc8\v2.50\pic\sources\c99\common\Umul16.c estimated size: 39

C:\Program Files\Microchip\xc8\v2.50\pic\sources\c99\common\nf_fputs.c
		_fputs         		CODE           	1BEA	0000	43

C:\Program Files\Microchip\xc8\v2.50\pic\sources\c99\common\nf_fputs.c estimated size: 43

C:\Program Files\Microchip\xc8\v2.50\pic\sources\c99\common\lwmod.c
		___lwmod       		CODE           	1CE2	0000	58

C:\Program Files\Microchip\xc8\v2.50\pic\sources\c99\common\lwmod.c estimated size: 58

C:\Program Files\Microchip\xc8\v2.50\pic\sources\c99\common\awmod.c
		___awmod       		CODE           	1E79	0000	89

C:\Program Files\Microchip\xc8\v2.50\pic\sources\c99\common\awmod.c estimated size: 89

C:\Program Files\Microchip\xc8\v2.50\pic\sources\c99\common\putch.c
		_putch         		CODE           	07FE	0000	1

C:\Program Files\Microchip\xc8\v2.50\pic\sources\c99\common\putch.c estimated size: 1

C:\Program Files\Microchip\xc8\v2.50\pic\sources\c99\common\abs.c
		_abs           		CODE           	1B13	0000	19

C:\Program Files\Microchip\xc8\v2.50\pic\sources\c99\common\abs.c estimated size: 19

newmain.c
		_ISR           		CODE           	100F	0000	104
		_display       		CODE           	1C15	0000	45
		_main          		CODE           	05A0	0000	357

newmain.c estimated size: 506

C:\Program Files\Microchip\xc8\v2.50\pic\sources\c99\common\strlen.c
		_strlen        		CODE           	1B3A	0000	22

C:\Program Files\Microchip\xc8\v2.50\pic\sources\c99\common\strlen.c estimated size: 22

C:\Program Files\Microchip\xc8\v2.50\pic\sources\c99\common\nf_sprintf.c
		_sprintf       		CODE           	1C42	0000	50

C:\Program Files\Microchip\xc8\v2.50\pic\sources\c99\common\nf_sprintf.c estimated size: 50

C:\Program Files\Microchip\xc8\v2.50\pic\sources\c99\common\nf_fputc.c
		_fputc         		CODE           	080E	0000	160

C:\Program Files\Microchip\xc8\v2.50\pic\sources\c99\common\nf_fputc.c estimated size: 160

shared
		i1_vfpfcnvrt   		CODE           	0B10	0000	1264
		i1_pad         		CODE           	1077	0000	106
		i1_abs         		CODE           	1B02	0000	17
		i1_read_prec_or_width		CODE           	10E1	0000	122
		i1_putch       		CODE           	07FF	0000	1
		__stringtab    		STRING         	1800	0000	16
		i1_utoa        		CODE           	137D	0000	182
		i1___lwdiv     		CODE           	1D57	0000	66
		i1_vfprintf    		CODE           	1D1C	0000	59
		i1_xtoa        		CODE           	15DC	0000	272
		i1___awdiv     		CODE           	1ED2	0000	99
		i1_ctoa        		CODE           	1256	0000	141
		i1___wmul      		CODE           	1B73	0000	37
		i1_dtoa        		CODE           	16EC	0000	276
		i1___lwmod     		CODE           	1CAA	0000	56
		__initialization		CODE           	0015	0000	22
		i1___awmod     		CODE           	1E22	0000	87
		i1_display     		CODE           	1B50	0000	35
		i1_sprintf     		CODE           	1C74	0000	54
		i1_fputc       		CODE           	12E3	0000	154
		i1_fputs       		CODE           	1BBF	0000	43
		i1_strlen      		CODE           	1B26	0000	20
		i1_otoa        		CODE           	1500	0000	220

shared estimated size: 3349

C:\Program Files\Microchip\xc8\v2.50\pic\sources\c99\common\lwdiv.c
		___lwdiv       		CODE           	1D99	0000	68

C:\Program Files\Microchip\xc8\v2.50\pic\sources\c99\common\lwdiv.c estimated size: 68

C:\Program Files\Microchip\xc8\v2.50\pic\sources\c99\common\awdiv.c
		___awdiv       		CODE           	1F35	0000	101

C:\Program Files\Microchip\xc8\v2.50\pic\sources\c99\common\awdiv.c estimated size: 101

C:\Program Files\Microchip\xc8\v2.50\pic\sources\c99\common\doprnt.c
		_read_prec_or_width		CODE           	11D6	0000	128
		_vfpfcnvrt     		CODE           	002F	0000	1393
		_pad           		CODE           	1F9A	0000	102
		_ctoa          		CODE           	115B	0000	123
		_dtoa          		CODE           	08AE	0000	305
		_vfprintf      		CODE           	1DDD	0000	69
		_otoa          		CODE           	0705	0000	241
		_utoa          		CODE           	1433	0000	205
		_xtoa          		CODE           	09DF	0000	305

C:\Program Files\Microchip\xc8\v2.50\pic\sources\c99\common\doprnt.c estimated size: 2871

