Microchip MPLAB XC8 Compiler V2.50

Linker command line:

-W-3 \
  --edf=C:\Program Files\Microchip\xc8\v2.50\pic\dat\20240725155939_en.msgs \
  -cn -h+.ca/dist/Config_1/production\MULTI_ADC_INTERRUPTS.X.production.sym \
  --cmf=.ca/dist/Config_1/production\MULTI_ADC_INTERRUPTS.X.production.cmf \
  -z -Q16F877A -oC:\Users\aakas\AppData\Local\Temp\xcAsal8.\driver_tmp_3.o \
  --defsym=__MPLAB_BUILD=1 --fixupoverflow=error \
  -M.ca/dist/Config_1/production/MULTI_ADC_INTERRUPTS.X.production.map \
  --md=C:\Users\aakas\AppData\Local\Temp\xcAsal8.\driver_tmp_0.dat -E1 \
  -ver=XC8 Compiler --acfsm=1493 -ACODE=00h-07FFhx4 -ASTRCODE=00h-01FFFh \
  -ASTRING=00h-0FFhx32 -ACONST=00h-0FFhx32 -AENTRY=00h-0FFhx32 \
  -ACOMMON=070h-07Fh -ABANK0=020h-06Fh -ABANK1=0A0h-0EFh \
  -ABANK2=0110h-016Fh -ABANK3=0190h-01EFh \
  -ARAM=020h-06Fh,0A0h-0EFh,0110h-016Fh,0190h-01EFh \
  -AABS1=020h-07Fh,0A0h-0EFh,0110h-016Fh,0190h-01EFh -ASFR0=00h-01Fh \
  -ASFR1=080h-09Fh -ASFR2=0100h-010Fh -ASFR3=0180h-018Fh \
  -ACONFIG=02007h-02007h -DCONFIG=2 -AIDLOC=02000h-02003h -DIDLOC=2 \
  -AEEDATA=00h-0FFh/02100h -peeprom_data=EEDATA -DEEDATA=2 -DCODE=2 \
  -DSTRCODE=2 -DSTRING=2 -DCONST=2 -DENTRY=2 \
  -preset_vec=00h,intentry=04h,sivt,init,end_init -ppowerup=CODE \
  -pcinit=CODE -pfunctab=ENTRY -k \
  C:\Users\aakas\AppData\Local\Temp\xcAsal8.\driver_tmp_17.o \
  .ca/dist/Config_1/production\MULTI_ADC_INTERRUPTS.X.production.o 

Object code version is 3.11

Machine type is 16F877A



                Name                               Link     Load   Length Selector   Space Scale
C:\Users\aakas\AppData\Local\Temp\xcAsal8.\driver_tmp_17.o
                end_init                             12       12        3        8       0
                reset_vec                             0        0        3        0       0
                config                             2007     2007        1        0       4
.ca/dist/Config_1/production\MULTI_ADC_INTERRUPTS.X.production.o
                cinit                                15       15       18        8       0
                intentry                              4        4        E        8       0
                config                             2007     2007        1        0       4
                text43                             1F3F     1F3F       22     3E7E       0
                text42                              7FC      7FC        1        8       0
                text41                             160E     160E       8F     2C1C       0
                text40                             158E     158E       80     2B1C       0
                text39                             1262     1262       55     24C4       0
                text38                             11CE     11CE       49     239C       0
                text37                             1EDA     1EDA        E     3DB4       0
                text36                             1F84     1F84       28     3F08       0
                text35                             1EF8     1EF8       12     3DF0       0
                text34                             136A     136A       60     26D4       0
                text33                              A50      A50       F5     14A0       0
                text32                              89D      89D       C6     113A       0
                text31                             1F1E     1F1E       21     3E3C       0
                text30                             149C     149C       76     2938       0
                text29                             1115     1115       3A     222A       0
                text28                             1047     1047       30     208E       0
                text27                             169D     169D       A6     2D3A       0
                text26                              963      963       ED     12C6       0
                text25                              C51      C51      3AF     18A2       0
                text24                             10DC     10DC       39     21B8       0
                text23                             10A9     10A9       33     2152       0
                text22                             13CA     13CA       64     2794       0
                text21                             1FD4     1FD4       2C     3FA8       0
                text20                              7FB      7FB        1        8       0
                text19                              808      808       95     1010       0
                text18                             142E     142E       6E     285C       0
                text17                             12B7     12B7       57     256E       0
                text16                             1217     1217       4B     242E       0
                text15                             1EE8     1EE8       10     3DD0       0
                text14                             1FAC     1FAC       28     3F58       0
                text13                             1F0A     1F0A       14     3E14       0
                text12                             130E     130E       5C     261C       0
                text11                              60E      60E      112        8       0
                text10                              720      720       DB        8       0
                text9                              1F61     1F61       23     3EC2       0
                text8                              1512     1512       7C     2A24       0
                text7                              114F     114F       3C     229E       0
                text6                              1077     1077       32     20EE       0
                text5                              1743     1743       BD     2E86       0
                text4                               B45      B45      10C     168A       0
                text3                                2D       2D      487        8       0
                text2                              118B     118B       43     2316       0
                text1                              1018     1018       2F     2030       0
                maintext                            4B4      4B4      15A        8       0
                cstackBANK0                          20       20       4E       20       1
                cstackCOMMON                         70       70        E       70       1
                cstackBANK1                          A0       A0       37       A0       1
                cstackBANK3                         190      190       57      190       1
                clrtext                             800      800        8     1000       0
                bssBANK2                            110      110       20      110       1
                bssBANK3                            1E7      1E7        2      190       1
                bssBANK1                             D7       D7        7       A0       1
                strings                            1000     1000       15     2000       0

TOTAL           Name                               Link     Load   Length     Space
        CLASS   CODE           
                end_init                             12       12        3         0
                cinit                                15       15       18         0
                intentry                              4        4        E         0
                reset_vec                             0        0        3         0
                text43                             1F3F     1F3F       22         0
                text42                              7FC      7FC        1         0
                text41                             160E     160E       8F         0
                text40                             158E     158E       80         0
                text39                             1262     1262       55         0
                text38                             11CE     11CE       49         0
                text37                             1EDA     1EDA        E         0
                text36                             1F84     1F84       28         0
                text35                             1EF8     1EF8       12         0
                text34                             136A     136A       60         0
                text33                              A50      A50       F5         0
                text32                              89D      89D       C6         0
                text31                             1F1E     1F1E       21         0
                text30                             149C     149C       76         0
                text29                             1115     1115       3A         0
                text28                             1047     1047       30         0
                text27                             169D     169D       A6         0
                text26                              963      963       ED         0
                text25                              C51      C51      3AF         0
                text24                             10DC     10DC       39         0
                text23                             10A9     10A9       33         0
                text22                             13CA     13CA       64         0
                text21                             1FD4     1FD4       2C         0
                text20                              7FB      7FB        1         0
                text19                              808      808       95         0
                text18                             142E     142E       6E         0
                text17                             12B7     12B7       57         0
                text16                             1217     1217       4B         0
                text15                             1EE8     1EE8       10         0
                text14                             1FAC     1FAC       28         0
                text13                             1F0A     1F0A       14         0
                text12                             130E     130E       5C         0
                text11                              60E      60E      112         0
                text10                              720      720       DB         0
                text9                              1F61     1F61       23         0
                text8                              1512     1512       7C         0
                text7                              114F     114F       3C         0
                text6                              1077     1077       32         0
                text5                              1743     1743       BD         0
                text4                               B45      B45      10C         0
                text3                                2D       2D      487         0
                text2                              118B     118B       43         0
                text1                              1018     1018       2F         0
                maintext                            4B4      4B4      15A         0
                clrtext                             800      800        8         0

        CLASS   STRCODE        

        CLASS   STRING         
                strings                            1000     1000       15         0

        CLASS   CONST          

        CLASS   ENTRY          

        CLASS   COMMON         
                cstackCOMMON                         70       70        E         1

        CLASS   BANK0          
                cstackBANK0                          20       20       4E         1

        CLASS   BANK1          
                cstackBANK1                          A0       A0       37         1
                bssBANK1                             D7       D7        7         1

        CLASS   BANK2          
                bssBANK2                            110      110       20         1

        CLASS   BANK3          
                cstackBANK3                         190      190       57         1
                bssBANK3                            1E7      1E7        2         1

        CLASS   RAM            

        CLASS   ABS1           
                abs_s1                               7E       7E        2         1

        CLASS   SFR0           

        CLASS   SFR1           

        CLASS   SFR2           

        CLASS   SFR3           

        CLASS   CONFIG         
                config                             2007     2007        1         4

        CLASS   IDLOC          

        CLASS   EEDATA         

        CLASS   HEAP           

        CLASS   STACK          



SEGMENTS        Name                           Load    Length   Top    Selector   Space  Class     Delta

                reset_vec                      000000  000003  000003         0       0  CODE        2
                intentry                       000004  0007F9  0007FD         8       0  CODE        2
                cstackBANK0                    000020  00004E  00006E        20       1  BANK0       1
                cstackCOMMON                   000070  00000E  00007E        70       1  COMMON      1
                cstackBANK1                    0000A0  00003E  0000DE        A0       1  BANK1       1
                bssBANK2                       000110  000020  000130       110       1  BANK2       1
                cstackBANK3                    000190  000059  0001E9       190       1  BANK3       1
                clrtext                        000800  000008  000808      1000       0  CODE        2
                text19                         000808  000095  00089D      1010       0  CODE        2
                text32                         00089D  0000C6  000963      113A       0  CODE        2
                text26                         000963  0000ED  000A50      12C6       0  CODE        2
                text33                         000A50  0000F5  000B45      14A0       0  CODE        2
                text4                          000B45  00010C  000C51      168A       0  CODE        2
                text25                         000C51  0003AF  001000      18A2       0  CODE        2
                strings                        001000  000015  001015      2000       0  STRING      2
                text1                          001018  00002F  001047      2030       0  CODE        2
                text28                         001047  000030  001077      208E       0  CODE        2
                text6                          001077  000032  0010A9      20EE       0  CODE        2
                text23                         0010A9  000033  0010DC      2152       0  CODE        2
                text24                         0010DC  000039  001115      21B8       0  CODE        2
                text29                         001115  00003A  00114F      222A       0  CODE        2
                text7                          00114F  00003C  00118B      229E       0  CODE        2
                text2                          00118B  000043  0011CE      2316       0  CODE        2
                text38                         0011CE  000049  001217      239C       0  CODE        2
                text16                         001217  00004B  001262      242E       0  CODE        2
                text39                         001262  000055  0012B7      24C4       0  CODE        2
                text17                         0012B7  000057  00130E      256E       0  CODE        2
                text12                         00130E  00005C  00136A      261C       0  CODE        2
                text34                         00136A  000060  0013CA      26D4       0  CODE        2
                text22                         0013CA  000064  00142E      2794       0  CODE        2
                text18                         00142E  00006E  00149C      285C       0  CODE        2
                text30                         00149C  000076  001512      2938       0  CODE        2
                text8                          001512  00007C  00158E      2A24       0  CODE        2
                text40                         00158E  000080  00160E      2B1C       0  CODE        2
                text41                         00160E  00008F  00169D      2C1C       0  CODE        2
                text27                         00169D  0000A6  001743      2D3A       0  CODE        2
                text5                          001743  0000BD  001800      2E86       0  CODE        2
                text37                         001EDA  00000E  001EE8      3DB4       0  CODE        2
                text15                         001EE8  000010  001EF8      3DD0       0  CODE        2
                text35                         001EF8  000012  001F0A      3DF0       0  CODE        2
                text13                         001F0A  000014  001F1E      3E14       0  CODE        2
                text31                         001F1E  000021  001F3F      3E3C       0  CODE        2
                text43                         001F3F  000022  001F61      3E7E       0  CODE        2
                text9                          001F61  000023  001F84      3EC2       0  CODE        2
                text36                         001F84  000028  001FAC      3F08       0  CODE        2
                text14                         001FAC  000028  001FD4      3F58       0  CODE        2
                text21                         001FD4  00002C  002000      3FA8       0  CODE        2


UNUSED ADDRESS RANGES

        Name                Unused          Largest block    Delta
        BANK0            006E-006F              2           1
        BANK1            00DE-00EF             12           1
        BANK2            0130-016F             40           1
        BANK3            01E9-01EF              7           1
        CODE             0003-0003              1           2
                         07FD-07FF              3
                         1015-1017              3
                         1800-1ED9            6DA
        CONST            0003-0003              1           2
                         07FD-07FF              3
                         1015-1017              3
                         1800-1ED9            100
        EEDATA           2100-21FF            100           2
        ENTRY            0003-0003              1           2
                         07FD-07FF              3
                         1015-1017              3
                         1800-1ED9            100
        IDLOC            2000-2003              4           2
        RAM              006E-006F              2           1
                         00DE-00EF             12
                         0130-016F             40
                         01E9-01EF              7
        SFR0             0000-001F             20           1
        SFR1             0080-009F             20           1
        SFR2             0100-010F             10           1
        SFR3             0180-018F             10           1
        STRCODE          0003-0003              1           2
                         07FD-07FF              3
                         1015-1017              3
                         1800-1ED9            6DA
        STRING           0003-0003              1           2
                         07FD-07FF              3
                         1015-1017              3
                         1800-1ED9            100

                                  Symbol Table

?___awdiv                     cstackBANK1  00B2
?___awmod                     cstackBANK1  00B2
?___lwdiv                     cstackBANK1  00B2
?___lwmod                     cstackBANK1  00B2
?___wmul                      cstackBANK1  00B2
?_abs                         cstackBANK1  00B8
?_ctoa                        cstackBANK1  00BF
?_dtoa                        cstackBANK1  00CF
?_otoa                        cstackBANK1  00CF
?_pad                         cstackBANK1  00C7
?_read_prec_or_width          cstackBANK1  00B8
?_sprintf                     cstackBANK3  01B1
?_strlen                      cstackBANK1  00B2
?_utoa                        cstackBANK1  00CF
?_vfpfcnvrt                   cstackBANK3  019B
?_vfprintf                    cstackBANK3  01AC
?_xtoa                        cstackBANK1  00CF
?i1___awdiv                   cstackCOMMON 0070
?i1___awmod                   cstackCOMMON 0070
?i1___lwdiv                   cstackCOMMON 0070
?i1___lwmod                   cstackCOMMON 0070
?i1___wmul                    cstackCOMMON 0070
?i1_abs                       cstackCOMMON 0076
?i1_ctoa                      cstackBANK0  0020
?i1_dtoa                      cstackBANK0  002F
?i1_otoa                      cstackBANK0  002F
?i1_pad                       cstackBANK0  0028
?i1_read_prec_or_width        cstackCOMMON 0076
?i1_sprintf                   cstackBANK0  0058
?i1_strlen                    cstackCOMMON 0070
?i1_utoa                      cstackBANK0  002F
?i1_vfpfcnvrt                 cstackBANK0  003F
?i1_vfprintf                  cstackBANK0  0050
?i1_xtoa                      cstackBANK0  002F
ISR@c                         cstackBANK1  00A6
ISR@i                         cstackBANK1  00B0
_ADCON0                       (abs)        001F
_ADCON1                       (abs)        009F
_ADRESH                       (abs)        001E
_ADRESL                       (abs)        009E
_GIE                          (abs)        005F
_GO_nDONE                     (abs)        00FA
_INTE                         (abs)        005C
_INTF                         (abs)        0059
_ISR                          text22       13CA
_OPTION_REG                   (abs)        0081
_PORTC                        (abs)        0007
_PORTD                        (abs)        0008
_RD0                          (abs)        0040
_RD1                          (abs)        0041
_TRISC                        (abs)        0087
_TRISD                        (abs)        0088
__H__absolute__               __absolute__ 0000
__Habs1                       abs1         0000
__Hbank0                      bank0        0000
__Hbank1                      bank1        0000
__Hbank2                      bank2        0000
__Hbank3                      bank3        0000
__HbssBANK1                   bssBANK1     0000
__HbssBANK2                   bssBANK2     0000
__HbssBANK3                   bssBANK3     0000
__Hcinit                      cinit        002D
__Hclrtext                    clrtext      0000
__Hcode                       code         0000
__Hcommon                     common       0000
__Hconfig                     config       2008
__HcstackBANK0                cstackBANK0  0000
__HcstackBANK1                cstackBANK1  0000
__HcstackBANK3                cstackBANK3  0000
__HcstackCOMMON               cstackCOMMON 0000
__Heeprom_data                eeprom_data  0000
__Hend_init                   end_init     0015
__Hfunctab                    functab      0000
__Hheap                       heap         0000
__Hinit                       init         0012
__Hintentry                   intentry     0012
__Hmaintext                   maintext     0000
__Hpowerup                    powerup      0000
__Hram                        ram          0000
__Hreset_vec                  reset_vec    0003
__Hsfr0                       sfr0         0000
__Hsfr1                       sfr1         0000
__Hsfr2                       sfr2         0000
__Hsfr3                       sfr3         0000
__Hsivt                       sivt         0012
__Hspace_0                    (abs)        2000
__Hspace_1                    (abs)        01E9
__Hspace_2                    (abs)        0000
__Hspace_3                    (abs)        0000
__Hspace_4                    (abs)        400F
__Hstack                      stack        0000
__Hstrings                    strings      0000
__Htext                       text         0000
__L__absolute__               __absolute__ 0000
__Labs1                       abs1         0000
__Lbank0                      bank0        0000
__Lbank1                      bank1        0000
__Lbank2                      bank2        0000
__Lbank3                      bank3        0000
__LbssBANK1                   bssBANK1     0000
__LbssBANK2                   bssBANK2     0000
__LbssBANK3                   bssBANK3     0000
__Lcinit                      cinit        0015
__Lclrtext                    clrtext      0000
__Lcode                       code         0000
__Lcommon                     common       0000
__Lconfig                     config       0000
__LcstackBANK0                cstackBANK0  0000
__LcstackBANK1                cstackBANK1  0000
__LcstackBANK3                cstackBANK3  0000
__LcstackCOMMON               cstackCOMMON 0000
__Leeprom_data                eeprom_data  0000
__Lend_init                   end_init     0012
__Lfunctab                    functab      0000
__Lheap                       heap         0000
__Linit                       init         0012
__Lintentry                   intentry     0004
__Lmaintext                   maintext     0000
__Lpowerup                    powerup      0000
__Lram                        ram          0000
__Lreset_vec                  reset_vec    0000
__Lsfr0                       sfr0         0000
__Lsfr1                       sfr1         0000
__Lsfr2                       sfr2         0000
__Lsfr3                       sfr3         0000
__Lsivt                       sivt         0012
__Lspace_0                    (abs)        0000
__Lspace_1                    (abs)        0000
__Lspace_2                    (abs)        0000
__Lspace_3                    (abs)        0000
__Lspace_4                    (abs)        0000
__Lstack                      stack        0000
__Lstrings                    strings      0000
__Ltext                       text         0000
__S0                          (abs)        2000
__S1                          (abs)        01E9
__S3                          (abs)        0000
___awdiv                      text17       12B7
___awdiv@counter              cstackBANK1  00B6
___awdiv@dividend             cstackBANK1  00B4
___awdiv@divisor              cstackBANK1  00B2
___awdiv@quotient             cstackBANK1  00B8
___awdiv@sign                 cstackBANK1  00B7
___awmod                      text16       1217
___awmod@counter              cstackBANK1  00B6
___awmod@dividend             cstackBANK1  00B4
___awmod@divisor              cstackBANK1  00B2
___awmod@sign                 cstackBANK1  00B7
___heap_hi                    (abs)        0000
___heap_lo                    (abs)        0000
___int_sp                     stack        0000
___int_stack_hi               stack        0000
___int_stack_lo               stack        0000
___latbits                    (abs)        0002
___lwdiv                      text7        114F
___lwdiv@counter              cstackBANK1  00B6
___lwdiv@dividend             cstackBANK1  00B4
___lwdiv@divisor              cstackBANK1  00B2
___lwdiv@quotient             cstackBANK1  00B7
___lwmod                      text6        1077
___lwmod@counter              cstackBANK1  00B6
___lwmod@dividend             cstackBANK1  00B4
___lwmod@divisor              cstackBANK1  00B2
___sp                         stack        0000
___stack_hi                   stack        0000
___stack_lo                   stack        0000
___stackhi                    (abs)        0000
___stacklo                    (abs)        0000
___wmul                       text9        1F61
___wmul@multiplicand          cstackBANK1  00B4
___wmul@multiplier            cstackBANK1  00B2
___wmul@product               cstackBANK1  00B6
__end_of_ISR                  text22       142E
__end_of___awdiv              text17       130E
__end_of___awmod              text16       1262
__end_of___lwdiv              text7        118B
__end_of___lwmod              text6        10A9
__end_of___wmul               text9        1F84
__end_of__initialization      cinit        0029
__end_of__stringtab           strings      1010
__end_of_abs                  text15       1EF8
__end_of_ctoa                 text18       149C
__end_of_display              text21       2000
__end_of_dtoa                 text11       0720
__end_of_fputc                text19       089D
__end_of_fputs                text14       1FD4
__end_of_main                 maintext     060E
__end_of_otoa                 text10       07FB
__end_of_pad                  text12       136A
__end_of_putch                text20       07FC
__end_of_read_prec_or_width   text8        158E
__end_of_sprintf              text1        1047
__end_of_strlen               text13       1F1E
__end_of_utoa                 text5        1800
__end_of_vfpfcnvrt            text3        04B4
__end_of_vfprintf             text2        11CE
__end_of_xtoa                 text4        0C51
__end_ofi1___awdiv            text39       12B7
__end_ofi1___awmod            text38       1217
__end_ofi1___lwdiv            text29       114F
__end_ofi1___lwmod            text28       1077
__end_ofi1___wmul             text31       1F3F
__end_ofi1_abs                text37       1EE8
__end_ofi1_ctoa               text40       160E
__end_ofi1_display            text43       1F61
__end_ofi1_dtoa               text33       0B45
__end_ofi1_fputc              text41       169D
__end_ofi1_fputs              text36       1FAC
__end_ofi1_otoa               text32       0963
__end_ofi1_pad                text34       13CA
__end_ofi1_putch              text42       07FD
__end_ofi1_read_prec_or_width text30       1512
__end_ofi1_sprintf            text23       10DC
__end_ofi1_strlen             text35       1F0A
__end_ofi1_utoa               text27       1743
__end_ofi1_vfpfcnvrt          text25       1000
__end_ofi1_vfprintf           text24       1115
__end_ofi1_xtoa               text26       0A50
__initialization              cinit        0015
__pbssBANK1                   bssBANK1     00D7
__pbssBANK2                   bssBANK2     0110
__pbssBANK3                   bssBANK3     01E7
__pcstackBANK0                cstackBANK0  0020
__pcstackBANK1                cstackBANK1  00A0
__pcstackBANK3                cstackBANK3  0190
__pcstackCOMMON               cstackCOMMON 0070
__pintentry                   intentry     0004
__pmaintext                   maintext     04B4
__pstrings                    strings      1000
__ptext1                      text1        1018
__ptext10                     text10       0720
__ptext11                     text11       060E
__ptext12                     text12       130E
__ptext13                     text13       1F0A
__ptext14                     text14       1FAC
__ptext15                     text15       1EE8
__ptext16                     text16       1217
__ptext17                     text17       12B7
__ptext18                     text18       142E
__ptext19                     text19       0808
__ptext2                      text2        118B
__ptext20                     text20       07FB
__ptext21                     text21       1FD4
__ptext22                     text22       13CA
__ptext23                     text23       10A9
__ptext24                     text24       10DC
__ptext25                     text25       0C51
__ptext26                     text26       0963
__ptext27                     text27       169D
__ptext28                     text28       1047
__ptext29                     text29       1115
__ptext3                      text3        002D
__ptext30                     text30       149C
__ptext31                     text31       1F1E
__ptext32                     text32       089D
__ptext33                     text33       0A50
__ptext34                     text34       136A
__ptext35                     text35       1EF8
__ptext36                     text36       1F84
__ptext37                     text37       1EDA
__ptext38                     text38       11CE
__ptext39                     text39       1262
__ptext4                      text4        0B45
__ptext40                     text40       158E
__ptext41                     text41       160E
__ptext42                     text42       07FC
__ptext43                     text43       1F3F
__ptext5                      text5        1743
__ptext6                      text6        1077
__ptext7                      text7        114F
__ptext8                      text8        1512
__ptext9                      text9        1F61
__stringbase                  strings      100F
__stringtab                   strings      1000
_abs                          text15       1EE8
_count                        bssBANK1     00DB
_ctoa                         text18       142E
_dbuf                         bssBANK2     0110
_display                      text21       1FD4
_dtoa                         text11       060E
_dtoa$616                     cstackBANK3  0190
_flags                        bssBANK1     00DD
_fputc                        text19       0808
_fputs                        text14       1FAC
_main                         maintext     04B4
_nout                         bssBANK3     01E7
_otoa                         text10       0720
_pad                          text12       130E
_prec                         bssBANK1     00D9
_putch                        text20       07FB
_read_prec_or_width           text8        1512
_sprintf                      text1        1018
_strlen                       text13       1F0A
_utoa                         text5        1743
_vfpfcnvrt                    text3        002D
_vfprintf                     text2        118B
_width                        bssBANK1     00D7
_xtoa                         text4        0B45
_xtoa$641                     cstackBANK3  0191
abs@a                         cstackBANK1  00B8
btemp                         (abs)        007E
clear_ram0                    clrtext      0800
ctoa@c                        cstackBANK1  00C1
ctoa@fp                       cstackBANK1  00BF
ctoa@l                        cstackBANK1  00C4
ctoa@w                        cstackBANK1  00C6
display@DC                    cstackBANK1  00B4
display@RS                    cstackBANK1  00B2
dtoa@d                        cstackBANK1  00D1
dtoa@fp                       cstackBANK1  00CF
dtoa@i                        cstackBANK3  0197
dtoa@p                        cstackBANK3  0192
dtoa@s                        cstackBANK3  0196
dtoa@w                        cstackBANK3  0194
end_of_initialization         cinit        0029
fputc@c                       cstackBANK1  00B2
fputc@fp                      cstackBANK1  00B4
fputs@c                       cstackBANK1  00C4
fputs@fp                      cstackBANK1  00C0
fputs@i                       cstackBANK1  00C5
fputs@s                       cstackBANK1  00BF
i1___awdiv                    text39       1262
i1___awdiv@counter            cstackCOMMON 0074
i1___awdiv@dividend           cstackCOMMON 0072
i1___awdiv@divisor            cstackCOMMON 0070
i1___awdiv@quotient           cstackCOMMON 0076
i1___awdiv@sign               cstackCOMMON 0075
i1___awmod                    text38       11CE
i1___awmod@counter            cstackCOMMON 0074
i1___awmod@dividend           cstackCOMMON 0072
i1___awmod@divisor            cstackCOMMON 0070
i1___awmod@sign               cstackCOMMON 0075
i1___lwdiv                    text29       1115
i1___lwdiv@counter            cstackCOMMON 0076
i1___lwdiv@dividend           cstackCOMMON 0072
i1___lwdiv@divisor            cstackCOMMON 0070
i1___lwdiv@quotient           cstackCOMMON 0074
i1___lwmod                    text28       1047
i1___lwmod@counter            cstackCOMMON 0074
i1___lwmod@dividend           cstackCOMMON 0072
i1___lwmod@divisor            cstackCOMMON 0070
i1___wmul                     text31       1F1E
i1___wmul@multiplicand        cstackCOMMON 0072
i1___wmul@multiplier          cstackCOMMON 0070
i1___wmul@product             cstackCOMMON 0074
i1_abs                        text37       1EDA
i1_ctoa                       text40       158E
i1_display                    text43       1F3F
i1_dtoa                       text33       0A50
i1_dtoa$616                   cstackBANK0  0033
i1_fputc                      text41       160E
i1_fputs                      text36       1F84
i1_otoa                       text32       089D
i1_pad                        text34       136A
i1_putch                      text42       07FC
i1_read_prec_or_width         text30       149C
i1_sprintf                    text23       10A9
i1_strlen                     text35       1EF8
i1_utoa                       text27       169D
i1_vfpfcnvrt                  text25       0C51
i1_vfprintf                   text24       10DC
i1_xtoa                       text26       0963
i1_xtoa$641                   cstackBANK0  0034
i1abs@a                       cstackCOMMON 0076
i1ctoa@c                      cstackBANK0  0022
i1ctoa@fp                     cstackBANK0  0020
i1ctoa@l                      cstackBANK0  0025
i1ctoa@w                      cstackBANK0  0027
i1display@DC                  cstackCOMMON 0072
i1display@RS                  cstackCOMMON 0070
i1dtoa@d                      cstackBANK0  0031
i1dtoa@fp                     cstackBANK0  002F
i1dtoa@i                      cstackBANK0  003A
i1dtoa@p                      cstackBANK0  0035
i1dtoa@s                      cstackBANK0  0039
i1dtoa@w                      cstackBANK0  0037
i1fputc@c                     cstackCOMMON 0070
i1fputc@fp                    cstackCOMMON 0072
i1fputs@c                     cstackBANK0  0025
i1fputs@fp                    cstackBANK0  0021
i1fputs@i                     cstackBANK0  0026
i1fputs@s                     cstackBANK0  0020
i1otoa@d                      cstackBANK0  0031
i1otoa@fp                     cstackBANK0  002F
i1otoa@i                      cstackBANK0  003A
i1otoa@p                      cstackBANK0  0035
i1otoa@t                      cstackBANK0  0039
i1otoa@w                      cstackBANK0  0037
i1pad@buf                     cstackBANK0  002A
i1pad@fp                      cstackBANK0  0028
i1pad@i                       cstackBANK0  002D
i1pad@p                       cstackBANK0  002B
i1read_prec_or_width@ap       cstackCOMMON 0077
i1read_prec_or_width@c        cstackCOMMON 007B
i1read_prec_or_width@fmt      cstackCOMMON 0076
i1read_prec_or_width@n        cstackCOMMON 007C
i1sprintf@ap                  cstackBANK0  006C
i1sprintf@f                   cstackBANK0  0061
i1sprintf@fmt                 cstackBANK0  005A
i1sprintf@s                   cstackBANK0  0058
i1strlen@a                    cstackCOMMON 0072
i1strlen@s                    cstackCOMMON 0070
i1utoa@d                      cstackBANK0  0031
i1utoa@fp                     cstackBANK0  002F
i1utoa@i                      cstackBANK0  0037
i1utoa@p                      cstackBANK0  0033
i1utoa@w                      cstackBANK0  0035
i1vfpfcnvrt@ap                cstackBANK0  0042
i1vfpfcnvrt@c                 cstackBANK0  004D
i1vfpfcnvrt@convarg           cstackBANK0  0049
i1vfpfcnvrt@cp                cstackBANK0  004E
i1vfpfcnvrt@done              cstackBANK0  0048
i1vfpfcnvrt@fmt               cstackBANK0  0041
i1vfpfcnvrt@fp                cstackBANK0  003F
i1vfprintf@ap                 cstackBANK0  0054
i1vfprintf@cfmt               cstackBANK0  0056
i1vfprintf@fmt                cstackBANK0  0052
i1vfprintf@fp                 cstackBANK0  0050
i1xtoa@a                      cstackBANK0  0036
i1xtoa@c                      cstackBANK0  003C
i1xtoa@d                      cstackBANK0  0031
i1xtoa@d_nonzero              cstackBANK0  003B
i1xtoa@fp                     cstackBANK0  002F
i1xtoa@i                      cstackBANK0  003D
i1xtoa@p                      cstackBANK0  0037
i1xtoa@w                      cstackBANK0  0039
i1xtoa@x                      cstackBANK0  0033
interrupt_function            intentry     0004
intlevel0                     functab      0000
intlevel1                     functab      0000
intlevel2                     functab      0000
intlevel3                     functab      0000
intlevel4                     functab      0000
intlevel5                     functab      0000
main@Low_bits                 cstackBANK3  01DD
main@a                        cstackBANK3  01C9
main@b                        cstackBANK3  01D3
main@bits                     cstackBANK3  01E1
main@high_bits                cstackBANK3  01DF
main@i                        cstackBANK3  01E3
main@i_70                     cstackBANK3  01E5
otoa@d                        cstackBANK1  00D1
otoa@fp                       cstackBANK1  00CF
otoa@i                        cstackBANK3  0195
otoa@p                        cstackBANK3  0190
otoa@t                        cstackBANK3  0194
otoa@w                        cstackBANK3  0192
pad@buf                       cstackBANK1  00C9
pad@fp                        cstackBANK1  00C7
pad@i                         cstackBANK1  00CD
pad@p                         cstackBANK1  00CA
read_prec_or_width@ap         cstackBANK1  00B9
read_prec_or_width@c          cstackBANK1  00BC
read_prec_or_width@fmt        cstackBANK1  00B8
read_prec_or_width@n          cstackBANK1  00BD
reset_vec                     reset_vec    0000
saved_w                       (abs)        007E
sprintf@ap                    cstackBANK3  01C5
sprintf@f                     cstackBANK3  01BA
sprintf@fmt                   cstackBANK3  01B3
sprintf@s                     cstackBANK3  01B1
start                         init         0012
start_initialization          cinit        0015
strlen@a                      cstackBANK1  00B4
strlen@s                      cstackBANK1  00B2
utoa@d                        cstackBANK1  00D1
utoa@fp                       cstackBANK1  00CF
utoa@i                        cstackBANK3  0194
utoa@p                        cstackBANK3  0190
utoa@w                        cstackBANK3  0192
vfpfcnvrt@ap                  cstackBANK3  019E
vfpfcnvrt@c                   cstackBANK3  01A5
vfpfcnvrt@convarg             cstackBANK3  01A6
vfpfcnvrt@cp                  cstackBANK3  01AA
vfpfcnvrt@done                cstackBANK3  01A4
vfpfcnvrt@fmt                 cstackBANK3  019D
vfpfcnvrt@fp                  cstackBANK3  019B
vfprintf@ap                   cstackBANK3  01B0
vfprintf@cfmt                 cstackBANK1  00D5
vfprintf@fmt                  cstackBANK3  01AE
vfprintf@fp                   cstackBANK3  01AC
wtemp0                        (abs)        007E
xtoa@a                        cstackBANK3  0190
xtoa@c                        cstackBANK3  0198
xtoa@d                        cstackBANK1  00D1
xtoa@d_nonzero                cstackBANK3  0195
xtoa@fp                       cstackBANK1  00CF
xtoa@i                        cstackBANK3  0199
xtoa@p                        cstackBANK3  0193
xtoa@w                        cstackBANK3  0196
xtoa@x                        cstackBANK1  00D3


MODULE INFORMATION

Module		Function		Class		Link	Load	Size
C:\Program Files\Microchip\xc8\v2.50\pic\sources\c99\common\Umul16.c
		___wmul        		CODE           	1F61	0000	35

C:\Program Files\Microchip\xc8\v2.50\pic\sources\c99\common\Umul16.c estimated size: 35

C:\Program Files\Microchip\xc8\v2.50\pic\sources\c99\common\nf_fputs.c
		_fputs         		CODE           	1FAC	0000	40

C:\Program Files\Microchip\xc8\v2.50\pic\sources\c99\common\nf_fputs.c estimated size: 40

C:\Program Files\Microchip\xc8\v2.50\pic\sources\c99\common\lwmod.c
		___lwmod       		CODE           	1077	0000	50

C:\Program Files\Microchip\xc8\v2.50\pic\sources\c99\common\lwmod.c estimated size: 50

C:\Program Files\Microchip\xc8\v2.50\pic\sources\c99\common\awmod.c
		___awmod       		CODE           	1217	0000	75

C:\Program Files\Microchip\xc8\v2.50\pic\sources\c99\common\awmod.c estimated size: 75

C:\Program Files\Microchip\xc8\v2.50\pic\sources\c99\common\putch.c
		_putch         		CODE           	07FB	0000	1

C:\Program Files\Microchip\xc8\v2.50\pic\sources\c99\common\putch.c estimated size: 1

C:\Program Files\Microchip\xc8\v2.50\pic\sources\c99\common\abs.c
		_abs           		CODE           	1EE8	0000	16

C:\Program Files\Microchip\xc8\v2.50\pic\sources\c99\common\abs.c estimated size: 16

newmain.c
		_ISR           		CODE           	13CA	0000	100
		_display       		CODE           	1FD4	0000	44
		_main          		CODE           	04B4	0000	346

newmain.c estimated size: 490

C:\Program Files\Microchip\xc8\v2.50\pic\sources\c99\common\strlen.c
		_strlen        		CODE           	1F0A	0000	20

C:\Program Files\Microchip\xc8\v2.50\pic\sources\c99\common\strlen.c estimated size: 20

C:\Program Files\Microchip\xc8\v2.50\pic\sources\c99\common\nf_sprintf.c
		_sprintf       		CODE           	1018	0000	47

C:\Program Files\Microchip\xc8\v2.50\pic\sources\c99\common\nf_sprintf.c estimated size: 47

C:\Program Files\Microchip\xc8\v2.50\pic\sources\c99\common\nf_fputc.c
		_fputc         		CODE           	0808	0000	149

C:\Program Files\Microchip\xc8\v2.50\pic\sources\c99\common\nf_fputc.c estimated size: 149

shared
		i1_vfpfcnvrt   		CODE           	0C51	0000	943
		i1_pad         		CODE           	136A	0000	96
		i1_abs         		CODE           	1EDA	0000	14
		i1_read_prec_or_width		CODE           	149C	0000	118
		i1_putch       		CODE           	07FC	0000	1
		__stringtab    		STRING         	1000	0000	16
		i1_utoa        		CODE           	169D	0000	166
		i1___lwdiv     		CODE           	1115	0000	58
		i1_vfprintf    		CODE           	10DC	0000	57
		i1_xtoa        		CODE           	0963	0000	237
		i1___awdiv     		CODE           	1262	0000	85
		i1_ctoa        		CODE           	158E	0000	128
		i1___wmul      		CODE           	1F1E	0000	33
		i1_dtoa        		CODE           	0A50	0000	245
		i1___lwmod     		CODE           	1047	0000	48
		__initialization		CODE           	0015	0000	20
		i1___awmod     		CODE           	11CE	0000	73
		i1_display     		CODE           	1F3F	0000	34
		i1_sprintf     		CODE           	10A9	0000	51
		i1_fputc       		CODE           	160E	0000	143
		i1_fputs       		CODE           	1F84	0000	40
		i1_strlen      		CODE           	1EF8	0000	18
		i1_otoa        		CODE           	089D	0000	198

shared estimated size: 2822

C:\Program Files\Microchip\xc8\v2.50\pic\sources\c99\common\lwdiv.c
		___lwdiv       		CODE           	114F	0000	60

C:\Program Files\Microchip\xc8\v2.50\pic\sources\c99\common\lwdiv.c estimated size: 60

C:\Program Files\Microchip\xc8\v2.50\pic\sources\c99\common\awdiv.c
		___awdiv       		CODE           	12B7	0000	87

C:\Program Files\Microchip\xc8\v2.50\pic\sources\c99\common\awdiv.c estimated size: 87

C:\Program Files\Microchip\xc8\v2.50\pic\sources\c99\common\doprnt.c
		_read_prec_or_width		CODE           	1512	0000	124
		_vfpfcnvrt     		CODE           	002D	0000	1159
		_pad           		CODE           	130E	0000	92
		_ctoa          		CODE           	142E	0000	110
		_dtoa          		CODE           	060E	0000	274
		_vfprintf      		CODE           	118B	0000	67
		_otoa          		CODE           	0720	0000	219
		_utoa          		CODE           	1743	0000	189
		_xtoa          		CODE           	0B45	0000	268

C:\Program Files\Microchip\xc8\v2.50\pic\sources\c99\common\doprnt.c estimated size: 2502

