Microchip MPLAB XC8 Compiler V2.50

Linker command line:

-W-3 \
  --edf=C:\Program Files\Microchip\xc8\v2.50\pic\dat\20240725155939_en.msgs \
  -cn -h+dist/default/production\MULTI_ADC_INTERRUPTS.X.production.sym \
  --cmf=dist/default/production\MULTI_ADC_INTERRUPTS.X.production.cmf -z \
  -Q16F877A -oC:\Users\aakas\AppData\Local\Temp\xcAs29s.\driver_tmp_3.o \
  --defsym=__MPLAB_BUILD=1 --fixupoverflow=error \
  -Mdist/default/production/MULTI_ADC_INTERRUPTS.X.production.map \
  --md=C:\Users\aakas\AppData\Local\Temp\xcAs29s.\driver_tmp_0.dat -E1 \
  -ver=XC8 Compiler --acfsm=1493 -ACODE=00h-07FFhx4 -ASTRCODE=00h-01FFFh \
  -ASTRING=00h-0FFhx32 -ACONST=00h-0FFhx32 -AENTRY=00h-0FFhx32 \
  -ACOMMON=070h-07Fh -ABANK0=020h-06Fh -ABANK1=0A0h-0EFh \
  -ABANK2=0110h-016Fh -ABANK3=0190h-01EFh \
  -ARAM=020h-06Fh,0A0h-0EFh,0110h-016Fh,0190h-01EFh \
  -AABS1=020h-07Fh,0A0h-0EFh,0110h-016Fh,0190h-01EFh -ASFR0=00h-01Fh \
  -ASFR1=080h-09Fh -ASFR2=0100h-010Fh -ASFR3=0180h-018Fh \
  -ACONFIG=02007h-02007h -DCONFIG=2 -AIDLOC=02000h-02003h -DIDLOC=2 \
  -AEEDATA=00h-0FFh/02100h -peeprom_data=EEDATA -DEEDATA=2 -DCODE=2 \
  -DSTRCODE=2 -DSTRING=2 -DCONST=2 -DENTRY=2 \
  -preset_vec=00h,intentry=04h,sivt,init,end_init -ppowerup=CODE \
  -pcinit=CODE -pfunctab=ENTRY -k \
  C:\Users\aakas\AppData\Local\Temp\xcAs29s.\driver_tmp_17.o \
  dist/default/production\MULTI_ADC_INTERRUPTS.X.production.o 

Object code version is 3.11

Machine type is 16F877A



                Name                               Link     Load   Length Selector   Space Scale
C:\Users\aakas\AppData\Local\Temp\xcAs29s.\driver_tmp_17.o
                end_init                              C        C        3        8       0
                reset_vec                             0        0        3        0       0
                config                             2007     2007        1        0       4
dist/default/production\MULTI_ADC_INTERRUPTS.X.production.o
                cinit                                 F        F       14        8       0
                intentry                              4        4        8        8       0
                config                             2007     2007        1        0       4
                text16                              609      609       16        8       0
                text15                              5E6      5E6       23        8       0
                text14                              522      522       2E        8       0
                text13                              3BE      3BE       63        8       0
                text12                              478      478       57        8       0
                text11                              61F      61F       11        8       0
                text10                              647      647        1      C7E       0
                text9                               31E      31E       A0        8       0
                text8                               550      550       2B        8       0
                text7                               4CF      4CF       53        8       0
                text6                               1A9      1A9       C3        8       0
                text5                               57B      57B       25        8       0
                text4                               421      421       57        8       0
                text3                               26C      26C       B2        8       0
                text2                               5C3      5C3       23        8       0
                text1                               5A0      5A0       23        8       0
                maintext                             23       23      186        8       0
                cstackBANK0                          20       20       44       20       1
                cstackCOMMON                         70       70        C       70       1
                cstackBANK1                          C2       C2       12       A0       1
                clrtext                             63F      63F        8      C7E       0
                bssBANK1                             A0       A0       22       A0       1
                bssBANK0                             64       64        5       20       1
                strings                             630      630        F      C60       0

TOTAL           Name                               Link     Load   Length     Space
        CLASS   CODE           
                end_init                              C        C        3         0
                cinit                                 F        F       14         0
                intentry                              4        4        8         0
                reset_vec                             0        0        3         0
                text16                              609      609       16         0
                text15                              5E6      5E6       23         0
                text14                              522      522       2E         0
                text13                              3BE      3BE       63         0
                text12                              478      478       57         0
                text11                              61F      61F       11         0
                text10                              647      647        1         0
                text9                               31E      31E       A0         0
                text8                               550      550       2B         0
                text7                               4CF      4CF       53         0
                text6                               1A9      1A9       C3         0
                text5                               57B      57B       25         0
                text4                               421      421       57         0
                text3                               26C      26C       B2         0
                text2                               5C3      5C3       23         0
                text1                               5A0      5A0       23         0
                maintext                             23       23      186         0
                clrtext                             63F      63F        8         0

        CLASS   STRCODE        

        CLASS   STRING         
                strings                             630      630        F         0

        CLASS   CONST          

        CLASS   ENTRY          

        CLASS   COMMON         
                cstackCOMMON                         70       70        C         1

        CLASS   BANK0          
                cstackBANK0                          20       20       44         1
                bssBANK0                             64       64        5         1

        CLASS   BANK1          
                cstackBANK1                          C2       C2       12         1
                bssBANK1                             A0       A0       22         1

        CLASS   BANK2          

        CLASS   BANK3          

        CLASS   RAM            

        CLASS   ABS1           
                abs_s1                               7E       7E        2         1

        CLASS   SFR0           

        CLASS   SFR1           

        CLASS   SFR2           

        CLASS   SFR3           

        CLASS   CONFIG         
                config                             2007     2007        1         4

        CLASS   IDLOC          

        CLASS   EEDATA         

        CLASS   HEAP           

        CLASS   STACK          



SEGMENTS        Name                           Load    Length   Top    Selector   Space  Class     Delta

                reset_vec                      000000  000003  000003         0       0  CODE        2
                intentry                       000004  00062C  000630         8       0  CODE        2
                cstackBANK0                    000020  000049  000069        20       1  BANK0       1
                cstackCOMMON                   000070  00000C  00007C        70       1  COMMON      1
                bssBANK1                       0000A0  000034  0000D4        A0       1  BANK1       1
                strings                        000630  00000F  00063F       C60       0  STRING      2
                clrtext                        00063F  000009  000648       C7E       0  CODE        2


UNUSED ADDRESS RANGES

        Name                Unused          Largest block    Delta
        BANK0            0069-006F              7           1
        BANK1            00D4-00EF             1C           1
        BANK2            0110-016F             60           1
        BANK3            0190-01EF             60           1
        CODE             0003-0003              1           2
                         0648-1FFF            800
        COMMON           007C-007D              2           1
        CONST            0003-0003              1           2
                         0648-1FFF            100
        EEDATA           2100-21FF            100           2
        ENTRY            0003-0003              1           2
                         0648-1FFF            100
        IDLOC            2000-2003              4           2
        RAM              0069-006F              7           1
                         00D4-00EF             1C
                         0110-016F             60
                         0190-01EF             60
        SFR0             0000-001F             20           1
        SFR1             0080-009F             20           1
        SFR2             0100-010F             10           1
        SFR3             0180-018F             10           1
        STRCODE          0003-0003              1           2
                         0648-1FFF           19B8
        STRING           0003-0003              1           2
                         0648-1FFF            100

                                  Symbol Table

?___awdiv                   cstackCOMMON 0072
?___awmod                   cstackCOMMON 0072
?___wmul                    cstackCOMMON 0072
?_abs                       cstackCOMMON 0078
?_read_prec_or_width        cstackCOMMON 0078
?_sprintf                   cstackBANK0  0050
?_vfprintf                  cstackBANK0  004B
_ADCON0                     (abs)        001F
_ADCON1                     (abs)        009F
_ADRESH                     (abs)        001E
_ADRESL                     (abs)        009E
_GIE                        (abs)        005F
_GO_nDONE                   (abs)        00FA
_INTE                       (abs)        005C
_INTF                       (abs)        0059
_ISR                        text16       0609
_OPTION_REG                 (abs)        0081
_PORTB                      (abs)        0006
_PORTC                      (abs)        0007
_PORTD                      (abs)        0008
_RD0                        (abs)        0040
_RD1                        (abs)        0041
_TRISC                      (abs)        0087
_TRISD                      (abs)        0088
__H__absolute__             __absolute__ 0000
__Habs1                     abs1         0000
__Hbank0                    bank0        0000
__Hbank1                    bank1        0000
__Hbank2                    bank2        0000
__Hbank3                    bank3        0000
__HbssBANK0                 bssBANK0     0000
__HbssBANK1                 bssBANK1     0000
__Hcinit                    cinit        0023
__Hclrtext                  clrtext      0000
__Hcode                     code         0000
__Hcommon                   common       0000
__Hconfig                   config       2008
__HcstackBANK0              cstackBANK0  0000
__HcstackBANK1              cstackBANK1  0000
__HcstackCOMMON             cstackCOMMON 0000
__Heeprom_data              eeprom_data  0000
__Hend_init                 end_init     000F
__Hfunctab                  functab      0000
__Hheap                     heap         0000
__Hinit                     init         000C
__Hintentry                 intentry     000C
__Hmaintext                 maintext     0000
__Hpowerup                  powerup      0000
__Hram                      ram          0000
__Hreset_vec                reset_vec    0003
__Hsfr0                     sfr0         0000
__Hsfr1                     sfr1         0000
__Hsfr2                     sfr2         0000
__Hsfr3                     sfr3         0000
__Hsivt                     sivt         000C
__Hspace_0                  (abs)        0648
__Hspace_1                  (abs)        00D4
__Hspace_2                  (abs)        0000
__Hspace_3                  (abs)        0000
__Hspace_4                  (abs)        400F
__Hstack                    stack        0000
__Hstrings                  strings      0000
__Htext                     text         0000
__L__absolute__             __absolute__ 0000
__Labs1                     abs1         0000
__Lbank0                    bank0        0000
__Lbank1                    bank1        0000
__Lbank2                    bank2        0000
__Lbank3                    bank3        0000
__LbssBANK0                 bssBANK0     0000
__LbssBANK1                 bssBANK1     0000
__Lcinit                    cinit        000F
__Lclrtext                  clrtext      0000
__Lcode                     code         0000
__Lcommon                   common       0000
__Lconfig                   config       0000
__LcstackBANK0              cstackBANK0  0000
__LcstackBANK1              cstackBANK1  0000
__LcstackCOMMON             cstackCOMMON 0000
__Leeprom_data              eeprom_data  0000
__Lend_init                 end_init     000C
__Lfunctab                  functab      0000
__Lheap                     heap         0000
__Linit                     init         000C
__Lintentry                 intentry     0004
__Lmaintext                 maintext     0000
__Lpowerup                  powerup      0000
__Lram                      ram          0000
__Lreset_vec                reset_vec    0000
__Lsfr0                     sfr0         0000
__Lsfr1                     sfr1         0000
__Lsfr2                     sfr2         0000
__Lsfr3                     sfr3         0000
__Lsivt                     sivt         000C
__Lspace_0                  (abs)        0000
__Lspace_1                  (abs)        0000
__Lspace_2                  (abs)        0000
__Lspace_3                  (abs)        0000
__Lspace_4                  (abs)        0000
__Lstack                    stack        0000
__Lstrings                  strings      0000
__Ltext                     text         0000
__S0                        (abs)        0648
__S1                        (abs)        00D4
__S3                        (abs)        0000
___awdiv                    text13       03BE
___awdiv@counter            cstackCOMMON 0076
___awdiv@dividend           cstackCOMMON 0074
___awdiv@divisor            cstackCOMMON 0072
___awdiv@quotient           cstackCOMMON 0078
___awdiv@sign               cstackCOMMON 0077
___awmod                    text12       0478
___awmod@counter            cstackCOMMON 0076
___awmod@dividend           cstackCOMMON 0074
___awmod@divisor            cstackCOMMON 0072
___awmod@sign               cstackCOMMON 0077
___heap_hi                  (abs)        0000
___heap_lo                  (abs)        0000
___int_sp                   stack        0000
___int_stack_hi             stack        0000
___int_stack_lo             stack        0000
___latbits                  (abs)        0002
___sp                       stack        0000
___stack_hi                 stack        0000
___stack_lo                 stack        0000
___stackhi                  (abs)        0000
___stacklo                  (abs)        0000
___wmul                     text5        057B
___wmul@multiplicand        cstackCOMMON 0074
___wmul@multiplier          cstackCOMMON 0072
___wmul@product             cstackCOMMON 0076
__end_of_ISR                text16       061F
__end_of___awdiv            text13       0421
__end_of___awmod            text12       04CF
__end_of___wmul             text5        05A0
__end_of__initialization    cinit        001F
__end_of__stringtab         strings      0636
__end_of_abs                text11       0630
__end_of_display            text15       0609
__end_of_display_string     text14       0550
__end_of_dtoa               text6        026C
__end_of_fputc              text9        03BE
__end_of_fputs              text8        057B
__end_of_main               maintext     01A9
__end_of_pad                text7        0522
__end_of_putch              text10       0648
__end_of_read_prec_or_width text4        0478
__end_of_sprintf            text1        05C3
__end_of_vfpfcnvrt          text3        031E
__end_of_vfprintf           text2        05E6
__initialization            cinit        000F
__pbssBANK0                 bssBANK0     0064
__pbssBANK1                 bssBANK1     00A0
__pcstackBANK0              cstackBANK0  0020
__pcstackBANK1              cstackBANK1  00C2
__pcstackCOMMON             cstackCOMMON 0070
__pintentry                 intentry     0004
__pmaintext                 maintext     0023
__pstrings                  strings      0630
__ptext1                    text1        05A0
__ptext10                   text10       0647
__ptext11                   text11       061F
__ptext12                   text12       0478
__ptext13                   text13       03BE
__ptext14                   text14       0522
__ptext15                   text15       05E6
__ptext16                   text16       0609
__ptext2                    text2        05C3
__ptext3                    text3        026C
__ptext4                    text4        0421
__ptext5                    text5        057B
__ptext6                    text6        01A9
__ptext7                    text7        04CF
__ptext8                    text8        0550
__ptext9                    text9        031E
__stringbase                strings      0635
__stringtab                 strings      0630
_abs                        text11       061F
_count                      bssBANK1     00A0
_dbuf                       bssBANK1     00A2
_display                    text15       05E6
_display_string             text14       0522
_dtoa                       text6        01A9
_dtoa$606                   cstackBANK0  0037
_flags                      bssBANK0     0068
_fputc                      text9        031E
_fputs                      text8        0550
_main                       maintext     0023
_pad                        text7        04CF
_prec                       bssBANK0     0066
_putch                      text10       0647
_read_prec_or_width         text4        0421
_sprintf                    text1        05A0
_vfpfcnvrt                  text3        026C
_vfprintf                   text2        05C3
_width                      bssBANK0     0064
abs@a                       cstackCOMMON 0078
btemp                       (abs)        007E
clear_ram0                  clrtext      063F
display@DC                  cstackCOMMON 0074
display@RS                  cstackCOMMON 0072
display_string@a            cstackCOMMON 0078
display_string@i            cstackBANK0  0020
dtoa@d                      cstackBANK0  0035
dtoa@fp                     cstackBANK0  0033
dtoa@i                      cstackBANK0  003D
dtoa@p                      cstackBANK0  0039
dtoa@s                      cstackBANK0  003C
dtoa@w                      cstackBANK0  003A
end_of_initialization       cinit        001F
fputc@c                     cstackCOMMON 0072
fputc@fp                    cstackCOMMON 0074
fputs@c                     cstackBANK0  0029
fputs@fp                    cstackCOMMON 0077
fputs@i                     cstackBANK0  002A
fputs@s                     cstackCOMMON 0076
interrupt_function          intentry     0004
intlevel0                   functab      0000
intlevel1                   functab      0000
intlevel2                   functab      0000
intlevel3                   functab      0000
intlevel4                   functab      0000
intlevel5                   functab      0000
main@arr                    cstackBANK1  00C2
main@bits                   cstackBANK1  00D0
main@high_bit               cstackBANK1  00CE
main@i                      cstackBANK1  00D2
main@low_bit                cstackBANK1  00CC
pad@buf                     cstackBANK0  002E
pad@fp                      cstackBANK0  002C
pad@i                       cstackBANK0  0031
pad@p                       cstackBANK0  002F
read_prec_or_width@ap       cstackCOMMON 0079
read_prec_or_width@c        cstackBANK0  0020
read_prec_or_width@fmt      cstackCOMMON 0078
read_prec_or_width@n        cstackBANK0  0021
reset_vec                   reset_vec    0000
saved_w                     (abs)        007E
sprintf@ap                  cstackBANK0  0055
sprintf@f                   cstackBANK0  0056
sprintf@fmt                 cstackBANK0  0051
sprintf@s                   cstackBANK0  0050
start                       init         000C
start_initialization        cinit        000F
vfpfcnvrt@ap                cstackBANK0  0042
vfpfcnvrt@convarg           cstackBANK0  0045
vfpfcnvrt@cp                cstackBANK0  004A
vfpfcnvrt@done              cstackBANK0  0049
vfpfcnvrt@fmt               cstackBANK0  0041
vfpfcnvrt@fp                cstackBANK0  003F
vfprintf@ap                 cstackBANK0  004E
vfprintf@cfmt               cstackBANK0  004F
vfprintf@fmt                cstackBANK0  004D
vfprintf@fp                 cstackBANK0  004B
wtemp0                      (abs)        007E


MODULE INFORMATION

Module		Function		Class		Link	Load	Size
C:\Program Files\Microchip\xc8\v2.50\pic\sources\c99\common\Umul16.c
		___wmul        		CODE           	057B	0000	37

C:\Program Files\Microchip\xc8\v2.50\pic\sources\c99\common\Umul16.c estimated size: 37

C:\Program Files\Microchip\xc8\v2.50\pic\sources\c99\common\nf_fputs.c
		_fputs         		CODE           	0550	0000	43

C:\Program Files\Microchip\xc8\v2.50\pic\sources\c99\common\nf_fputs.c estimated size: 43

C:\Program Files\Microchip\xc8\v2.50\pic\sources\c99\common\awmod.c
		___awmod       		CODE           	0478	0000	87

C:\Program Files\Microchip\xc8\v2.50\pic\sources\c99\common\awmod.c estimated size: 87

C:\Program Files\Microchip\xc8\v2.50\pic\sources\c99\common\putch.c
		_putch         		CODE           	0647	0000	1

C:\Program Files\Microchip\xc8\v2.50\pic\sources\c99\common\putch.c estimated size: 1

C:\Program Files\Microchip\xc8\v2.50\pic\sources\c99\common\abs.c
		_abs           		CODE           	061F	0000	17

C:\Program Files\Microchip\xc8\v2.50\pic\sources\c99\common\abs.c estimated size: 17

newmain.c
		_ISR           		CODE           	0609	0000	22
		_display       		CODE           	05E6	0000	35
		_main          		CODE           	0023	0000	390
		_display_string		CODE           	0522	0000	46

newmain.c estimated size: 493

C:\Program Files\Microchip\xc8\v2.50\pic\sources\c99\common\nf_sprintf.c
		_sprintf       		CODE           	05A0	0000	35

C:\Program Files\Microchip\xc8\v2.50\pic\sources\c99\common\nf_sprintf.c estimated size: 35

C:\Program Files\Microchip\xc8\v2.50\pic\sources\c99\common\nf_fputc.c
		_fputc         		CODE           	031E	0000	160

C:\Program Files\Microchip\xc8\v2.50\pic\sources\c99\common\nf_fputc.c estimated size: 160

shared
		__stringtab    		STRING         	0630	0000	6
		__initialization		CODE           	000F	0000	16

shared estimated size: 22

C:\Program Files\Microchip\xc8\v2.50\pic\sources\c99\common\awdiv.c
		___awdiv       		CODE           	03BE	0000	99

C:\Program Files\Microchip\xc8\v2.50\pic\sources\c99\common\awdiv.c estimated size: 99

C:\Program Files\Microchip\xc8\v2.50\pic\sources\c99\common\doprnt.c
		_read_prec_or_width		CODE           	0421	0000	87
		_vfpfcnvrt     		CODE           	026C	0000	178
		_pad           		CODE           	04CF	0000	83
		_dtoa          		CODE           	01A9	0000	195
		_vfprintf      		CODE           	05C3	0000	35

C:\Program Files\Microchip\xc8\v2.50\pic\sources\c99\common\doprnt.c estimated size: 578

